Component: ARM Compiler 5.06 update 7 (build 960) Tool: armlink [4d3601]

==============================================================================

Section Cross References

    main.o(i.Phone_Home_Display) refers to stm32f407_i2c_lcd16x02_driver.o(i.LCD_Clear_Then_Display) for LCD_Clear_Then_Display
    main.o(i.Phone_Home_Display) refers to stm32f407_i2c_lcd16x02_driver.o(i.LCD_Send_String_On_Line2) for LCD_Send_String_On_Line2
    main.o(i.Phone_Make_Call) refers to stm32f407_i2c_lcd16x02_driver.o(i.LCD_Clear_Then_Display) for LCD_Clear_Then_Display
    main.o(i.Phone_Make_Call) refers to stm32f407_i2c_lcd16x02_driver.o(i.LCD_Send_String_On_Line2) for LCD_Send_String_On_Line2
    main.o(i.Phone_Make_Call) refers to stm32f407_keypaddriver.o(i.KEYPAD_Read) for KEYPAD_Read
    main.o(i.Phone_Make_Call) refers to stm32f4xx_hal.o(i.HAL_Delay) for HAL_Delay
    main.o(i.Phone_Make_Call) refers to gsm_a6_driver_stm32f407.o(i.GSM_Clear_RX_buffer) for GSM_Clear_RX_buffer
    main.o(i.Phone_Make_Call) refers to main.o(i.Phone_Home_Display) for Phone_Home_Display
    main.o(i.Phone_Make_Call) refers to main.o(i.Store_Phone_Number) for Store_Phone_Number
    main.o(i.Phone_Make_Call) refers to gsm_a6_driver_stm32f407.o(i.GSM_Make_Call) for GSM_Make_Call
    main.o(i.Phone_Make_Call) refers to gsm_a6_driver_stm32f407.o(i.GSM_Compare_GSMData_With) for GSM_Compare_GSMData_With
    main.o(i.Phone_Make_Call) refers to gsm_a6_driver_stm32f407.o(i.GSM_HangUp_Call) for GSM_HangUp_Call
    main.o(i.Phone_Make_Call) refers to main.o(.constdata) for .constdata
    main.o(i.Phone_Make_Call) refers to main.o(.bss) for phone_num
    main.o(i.Phone_Receive_Call) refers to stm32f407_i2c_lcd16x02_driver.o(i.LCD_Clear_Then_Display) for LCD_Clear_Then_Display
    main.o(i.Phone_Receive_Call) refers to stm32f407_i2c_lcd16x02_driver.o(i.LCD_Send_String_On_Line2) for LCD_Send_String_On_Line2
    main.o(i.Phone_Receive_Call) refers to gsm_a6_driver_stm32f407.o(i.GSM_Compare_GSMData_With) for GSM_Compare_GSMData_With
    main.o(i.Phone_Receive_Call) refers to gsm_a6_driver_stm32f407.o(i.GSM_Clear_RX_buffer) for GSM_Clear_RX_buffer
    main.o(i.Phone_Receive_Call) refers to stm32f4xx_hal.o(i.HAL_Delay) for HAL_Delay
    main.o(i.Phone_Receive_Call) refers to main.o(i.Phone_Home_Display) for Phone_Home_Display
    main.o(i.Phone_Receive_Call) refers to stm32f407_keypaddriver.o(i.KEYPAD_Read) for KEYPAD_Read
    main.o(i.Phone_Receive_Call) refers to gsm_a6_driver_stm32f407.o(i.GSM_HangUp_Call) for GSM_HangUp_Call
    main.o(i.Phone_Receive_Call) refers to gsm_a6_driver_stm32f407.o(i.GSM_Receive_Call) for GSM_Receive_Call
    main.o(i.Phone_Receive_SMS) refers to gsm_a6_driver_stm32f407.o(i.GSM_Receive_SMS) for GSM_Receive_SMS
    main.o(i.Phone_Receive_SMS) refers to stm32f407_i2c_lcd16x02_driver.o(i.LCD_Clear_Then_Display) for LCD_Clear_Then_Display
    main.o(i.Phone_Receive_SMS) refers to stm32f407_i2c_lcd16x02_driver.o(i.LCD_Send_String_On_Line2) for LCD_Send_String_On_Line2
    main.o(i.Phone_Receive_SMS) refers to stm32f407_keypaddriver.o(i.KEYPAD_Read) for KEYPAD_Read
    main.o(i.Phone_Receive_SMS) refers to stm32f4xx_hal.o(i.HAL_Delay) for HAL_Delay
    main.o(i.Phone_Receive_SMS) refers to gsm_a6_driver_stm32f407.o(i.GSM_Clear_RX_buffer) for GSM_Clear_RX_buffer
    main.o(i.Phone_Receive_SMS) refers to main.o(i.Phone_Home_Display) for Phone_Home_Display
    main.o(i.Phone_Receive_SMS) refers to stm32f407_i2c_lcd16x02_driver.o(i.LCD_Display_Long_Message) for LCD_Display_Long_Message
    main.o(i.Phone_Receive_SMS) refers to gsm_a6_driver_stm32f407.o(.bss) for Incoming_SMS_Message
    main.o(i.Phone_Send_SMS) refers to stm32f407_i2c_lcd16x02_driver.o(i.LCD_Clear_Then_Display) for LCD_Clear_Then_Display
    main.o(i.Phone_Send_SMS) refers to stm32f407_i2c_lcd16x02_driver.o(i.LCD_Send_String_On_Line2) for LCD_Send_String_On_Line2
    main.o(i.Phone_Send_SMS) refers to stm32f407_keypaddriver.o(i.KEYPAD_Read) for KEYPAD_Read
    main.o(i.Phone_Send_SMS) refers to stm32f4xx_hal.o(i.HAL_Delay) for HAL_Delay
    main.o(i.Phone_Send_SMS) refers to main.o(i.Phone_Home_Display) for Phone_Home_Display
    main.o(i.Phone_Send_SMS) refers to main.o(i.Store_Phone_Number) for Store_Phone_Number
    main.o(i.Phone_Send_SMS) refers to stm32f407_i2c_lcd16x02_driver.o(i.LCD_Send_Cmd) for LCD_Send_Cmd
    main.o(i.Phone_Send_SMS) refers to stm32f407_i2c_lcd16x02_driver.o(i.LCD_Send_Data) for LCD_Send_Data
    main.o(i.Phone_Send_SMS) refers to gsm_a6_driver_stm32f407.o(i.GSM_Send_SMS) for GSM_Send_SMS
    main.o(i.Phone_Send_SMS) refers to gsm_a6_driver_stm32f407.o(i.GSM_Clear_RX_buffer) for GSM_Clear_RX_buffer
    main.o(i.Phone_Send_SMS) refers to main.o(.bss) for phone_num
    main.o(i.Store_Phone_Number) refers to stm32f407_i2c_lcd16x02_driver.o(i.LCD_Clear_Then_Display) for LCD_Clear_Then_Display
[...]
    Removing stm32f4xx_hal_rcc_ex.o(i.HAL_RCCEx_GetPeriphCLKConfig), (56 bytes).
    Removing stm32f4xx_hal_rcc_ex.o(i.HAL_RCCEx_GetPeriphCLKFreq), (144 bytes).
    Removing stm32f4xx_hal_rcc_ex.o(i.HAL_RCCEx_PeriphCLKConfig), (416 bytes).
    Removing stm32f4xx_hal_rcc_ex.o(i.HAL_RCC_DeInit), (384 bytes).
    Removing stm32f4xx_hal_uart.o(.rev16_text), (4 bytes).
    Removing stm32f4xx_hal_uart.o(.revsh_text), (4 bytes).
    Removing stm32f4xx_hal_uart.o(.rrx_text), (6 bytes).
    Removing stm32f4xx_hal_uart.o(i.HAL_HalfDuplex_EnableReceiver), (68 bytes).
    Removing stm32f4xx_hal_uart.o(i.HAL_HalfDuplex_EnableTransmitter), (68 bytes).
    Removing stm32f4xx_hal_uart.o(i.HAL_HalfDuplex_Init), (118 bytes).
    Removing stm32f4xx_hal_uart.o(i.HAL_LIN_Init), (142 bytes).
    Removing stm32f4xx_hal_uart.o(i.HAL_LIN_SendBreak), (80 bytes).
    Removing stm32f4xx_hal_uart.o(i.HAL_MultiProcessor_EnterMuteMode), (80 bytes).
    Removing stm32f4xx_hal_uart.o(i.HAL_MultiProcessor_ExitMuteMode), (80 bytes).
    Removing stm32f4xx_hal_uart.o(i.HAL_MultiProcessor_Init), (154 bytes).
    Removing stm32f4xx_hal_uart.o(i.HAL_UARTEx_ReceiveToIdle), (320 bytes).
    Removing stm32f4xx_hal_uart.o(i.HAL_UARTEx_ReceiveToIdle_DMA), (130 bytes).
    Removing stm32f4xx_hal_uart.o(i.HAL_UARTEx_ReceiveToIdle_IT), (130 bytes).
    Removing stm32f4xx_hal_uart.o(i.HAL_UART_Abort), (282 bytes).
    Removing stm32f4xx_hal_uart.o(i.HAL_UART_AbortCpltCallback), (2 bytes).
    Removing stm32f4xx_hal_uart.o(i.HAL_UART_AbortReceive), (196 bytes).
    Removing stm32f4xx_hal_uart.o(i.HAL_UART_AbortReceiveCpltCallback), (2 bytes).
    Removing stm32f4xx_hal_uart.o(i.HAL_UART_AbortReceive_IT), (220 bytes).
    Removing stm32f4xx_hal_uart.o(i.HAL_UART_AbortTransmit), (126 bytes).
    Removing stm32f4xx_hal_uart.o(i.HAL_UART_AbortTransmitCpltCallback), (2 bytes).
    Removing stm32f4xx_hal_uart.o(i.HAL_UART_AbortTransmit_IT), (144 bytes).
    Removing stm32f4xx_hal_uart.o(i.HAL_UART_Abort_IT), (336 bytes).
    Removing stm32f4xx_hal_uart.o(i.HAL_UART_DMAPause), (198 bytes).
    Removing stm32f4xx_hal_uart.o(i.HAL_UART_DMAResume), (202 bytes).
    Removing stm32f4xx_hal_uart.o(i.HAL_UART_DMAStop), (138 bytes).
    Removing stm32f4xx_hal_uart.o(i.HAL_UART_DeInit), (60 bytes).
    Removing stm32f4xx_hal_uart.o(i.HAL_UART_GetError), (6 bytes).
    Removing stm32f4xx_hal_uart.o(i.HAL_UART_GetState), (20 bytes).
    Removing stm32f4xx_hal_uart.o(i.HAL_UART_IRQHandler), (736 bytes).
    Removing stm32f4xx_hal_uart.o(i.HAL_UART_MspDeInit), (2 bytes).
    Removing stm32f4xx_hal_uart.o(i.HAL_UART_Receive), (220 bytes).
    Removing stm32f4xx_hal_uart.o(i.HAL_UART_Receive_IT), (66 bytes).
    Removing stm32f4xx_hal_uart.o(i.HAL_UART_Transmit_DMA), (172 bytes).
    Removing stm32f4xx_hal_uart.o(i.HAL_UART_Transmit_IT), (88 bytes).
    Removing stm32f4xx_hal_uart.o(i.HAL_UART_TxCpltCallback), (2 bytes).
    Removing stm32f4xx_hal_uart.o(i.HAL_UART_TxHalfCpltCallback), (2 bytes).
    Removing stm32f4xx_hal_uart.o(i.UART_DMAAbortOnError), (20 bytes).
    Removing stm32f4xx_hal_uart.o(i.UART_DMARxAbortCallback), (56 bytes).
    Removing stm32f4xx_hal_uart.o(i.UART_DMARxOnlyAbortCallback), (28 bytes).
    Removing stm32f4xx_hal_uart.o(i.UART_DMATransmitCplt), (88 bytes).
    Removing stm32f4xx_hal_uart.o(i.UART_DMATxAbortCallback), (56 bytes).
    Removing stm32f4xx_hal_uart.o(i.UART_DMATxHalfCplt), (14 bytes).
    Removing stm32f4xx_hal_uart.o(i.UART_DMATxOnlyAbortCallback), (24 bytes).
    Removing stm32f4xx_hal_uart.o(i.UART_EndTransmit_IT), (32 bytes).
    Removing stm32f4xx_hal_uart.o(i.UART_Receive_IT), (248 bytes).
    Removing stm32f4xx_hal_uart.o(i.UART_Start_Receive_IT), (74 bytes).
    Removing stm32f4xx_hal_uart.o(i.UART_Transmit_IT), (96 bytes).
    Removing system_stm32f4xx.o(.rev16_text), (4 bytes).
    Removing system_stm32f4xx.o(.revsh_text), (4 bytes).
    Removing system_stm32f4xx.o(.rrx_text), (6 bytes).
    Removing system_stm32f4xx.o(i.SystemCoreClockUpdate), (192 bytes).

255 unused section(s) (total 32702 bytes) removed from the image.

==============================================================================

Image Symbol Table

    Local Symbols

    Symbol Name                              Value     Ov Type        Size  Object(Section)

    ../clib/angel/boardlib.s                 0x00000000   Number         0  boardshut.o ABSOLUTE
    ../clib/angel/boardlib.s                 0x00000000   Number         0  boardinit3.o ABSOLUTE
    ../clib/angel/boardlib.s                 0x00000000   Number         0  boardinit2.o ABSOLUTE
    ../clib/angel/boardlib.s                 0x00000000   Number         0  boardinit1.o ABSOLUTE
    ../clib/angel/handlers.s                 0x00000000   Number         0  __scatter_zi.o ABSOLUTE
    ../clib/angel/handlers.s                 0x00000000   Number         0  __scatter_copy.o ABSOLUTE
    ../clib/angel/kernel.s                   0x00000000   Number         0  __rtentry.o ABSOLUTE
    ../clib/angel/kernel.s                   0x00000000   Number         0  rtexit2.o ABSOLUTE
    ../clib/angel/kernel.s                   0x00000000   Number         0  rtexit.o ABSOLUTE
    ../clib/angel/kernel.s                   0x00000000   Number         0  __rtentry2.o ABSOLUTE
    ../clib/angel/kernel.s                   0x00000000   Number         0  __rtentry4.o ABSOLUTE
    ../clib/angel/rt.s                       0x00000000   Number         0  aeabi_ldiv0_sigfpe.o ABSOLUTE
    ../clib/angel/rt.s                       0x00000000   Number         0  aeabi_ldiv0.o ABSOLUTE
    ../clib/angel/rt.s                       0x00000000   Number         0  rt_raise.o ABSOLUTE
    ../clib/angel/rt.s                       0x00000000   Number         0  rt_div0.o ABSOLUTE
    ../clib/angel/scatter.s                  0x00000000   Number         0  __scatter.o ABSOLUTE
    ../clib/angel/startup.s                  0x00000000   Number         0  __main.o ABSOLUTE
    ../clib/angel/sys.s                      0x00000000   Number         0  libspace.o ABSOLUTE
    ../clib/angel/sys.s                      0x00000000   Number         0  sys_stackheap_outer.o ABSOLUTE
    ../clib/angel/sys.s                      0x00000000   Number         0  indicate_semi.o ABSOLUTE
    ../clib/angel/sys.s                      0x00000000   Number         0  use_no_semi.o ABSOLUTE
    ../clib/angel/sysapp.c                   0x00000000   Number         0  sys_exit.o ABSOLUTE
    ../clib/angel/sysapp.c                   0x00000000   Number         0  sys_command.o ABSOLUTE
    ../clib/angel/sysapp.c                   0x00000000   Number         0  sys_wrch.o ABSOLUTE
    ../clib/armsys.c                         0x00000000   Number         0  no_argv.o ABSOLUTE
    ../clib/armsys.c                         0x00000000   Number         0  argv_veneer.o ABSOLUTE
    ../clib/armsys.c                         0x00000000   Number         0  argv_veneer.o ABSOLUTE
    ../clib/armsys.c                         0x00000000   Number         0  _get_argv_nomalloc.o ABSOLUTE
    ../clib/heapalloc.c                      0x00000000   Number         0  hrguard.o ABSOLUTE
    ../clib/heapaux.c                        0x00000000   Number         0  heapauxi.o ABSOLUTE
    ../clib/libinit.s                        0x00000000   Number         0  libinit.o ABSOLUTE
    ../clib/libinit.s                        0x00000000   Number         0  libinit2.o ABSOLUTE
    ../clib/libinit.s                        0x00000000   Number         0  libshutdown.o ABSOLUTE
    ../clib/libinit.s                        0x00000000   Number         0  libshutdown2.o ABSOLUTE
    ../clib/longlong.s                       0x00000000   Number         0  lludivv7m.o ABSOLUTE
    ../clib/memcpset.s                       0x00000000   Number         0  rt_memclr_w.o ABSOLUTE
    ../clib/memcpset.s                       0x00000000   Number         0  rt_memcpy_w.o ABSOLUTE
    ../clib/signal.c                         0x00000000   Number         0  defsig_rtmem_inner.o ABSOLUTE
    ../clib/signal.c                         0x00000000   Number         0  defsig_stak_inner.o ABSOLUTE
    ../clib/signal.c                         0x00000000   Number         0  defsig_pvfn_inner.o ABSOLUTE
    ../clib/signal.c                         0x00000000   Number         0  defsig_cppl_inner.o ABSOLUTE
    ../clib/signal.c                         0x00000000   Number         0  defsig_segv_inner.o ABSOLUTE
    ../clib/signal.c                         0x00000000   Number         0  defsig_rtmem_outer.o ABSOLUTE
    ../clib/signal.c                         0x00000000   Number         0  defsig_other.o ABSOLUTE
    ../clib/signal.c                         0x00000000   Number         0  defsig_rtred_inner.o ABSOLUTE
    ../clib/signal.c                         0x00000000   Number         0  defsig_fpe_inner.o ABSOLUTE
    ../clib/signal.c                         0x00000000   Number         0  defsig_exit.o ABSOLUTE
    ../clib/signal.c                         0x00000000   Number         0  defsig_general.o ABSOLUTE
    ../clib/signal.c                         0x00000000   Number         0  __raise.o ABSOLUTE
    ../clib/signal.c                         0x00000000   Number         0  defsig_fpe_formal.o ABSOLUTE
    ../clib/signal.c                         0x00000000   Number         0  defsig_rtmem_formal.o ABSOLUTE
    ../clib/signal.c                         0x00000000   Number         0  defsig_abrt_inner.o ABSOLUTE
    ../clib/signal.c                         0x00000000   Number         0  defsig_fpe_outer.o ABSOLUTE
    ../clib/signal.s                         0x00000000   Number         0  defsig.o ABSOLUTE
    ../clib/stdlib.c                         0x00000000   Number         0  exit.o ABSOLUTE
    ../clib/string.c                         0x00000000   Number         0  strcat.o ABSOLUTE
    ../clib/string.c                         0x00000000   Number         0  strlen.o ABSOLUTE
    ../clib/string.c                         0x00000000   Number         0  strstr.o ABSOLUTE
    ../fplib/fpinit.s                        0x00000000   Number         0  fpinit.o ABSOLUTE
    C:/Users/varun/AppData/Local/Arm/Packs/Keil/STM32F4xx_DFP/2.17.1/Drivers/STM32F4xx_HAL_Driver/Src/stm32f4xx_hal.c 0x00000000   Number         0  stm32f4xx_hal.o ABSOLUTE
    C:/Users/varun/AppData/Local/Arm/Packs/Keil/STM32F4xx_DFP/2.17.1/Drivers/STM32F4xx_HAL_Driver/Src/stm32f4xx_hal_cortex.c 0x00000000   Number         0  stm32f4xx_hal_cortex.o ABSOLUTE
    C:/Users/varun/AppData/Local/Arm/Packs/Keil/STM32F4xx_DFP/2.17.1/Drivers/STM32F4xx_HAL_Driver/Src/stm32f4xx_hal_dma.c 0x00000000   Number         0  stm32f4xx_hal_dma.o ABSOLUTE
    C:/Users/varun/AppData/Local/Arm/Packs/Keil/STM32F4xx_DFP/2.17.1/Drivers/STM32F4xx_HAL_Driver/Src/stm32f4xx_hal_dma_ex.c 0x00000000   Number         0  stm32f4xx_hal_dma_ex.o ABSOLUTE
    C:/Users/varun/AppData/Local/Arm/Packs/Keil/STM32F4xx_DFP/2.17.1/Drivers/STM32F4xx_HAL_Driver/Src/stm32f4xx_hal_gpio.c 0x00000000   Number         0  stm32f4xx_hal_gpio.o ABSOLUTE
    C:/Users/varun/AppData/Local/Arm/Packs/Keil/STM32F4xx_DFP/2.17.1/Drivers/STM32F4xx_HAL_Driver/Src/stm32f4xx_hal_i2c.c 0x00000000   Number         0  stm32f4xx_hal_i2c.o ABSOLUTE
    C:/Users/varun/AppData/Local/Arm/Packs/Keil/STM32F4xx_DFP/2.17.1/Drivers/STM32F4xx_HAL_Driver/Src/stm32f4xx_hal_pwr.c 0x00000000   Number         0  stm32f4xx_hal_pwr.o ABSOLUTE
    C:/Users/varun/AppData/Local/Arm/Packs/Keil/STM32F4xx_DFP/2.17.1/Drivers/STM32F4xx_HAL_Driver/Src/stm32f4xx_hal_pwr_ex.c 0x00000000   Number         0  stm32f4xx_hal_pwr_ex.o ABSOLUTE
    C:/Users/varun/AppData/Local/Arm/Packs/Keil/STM32F4xx_DFP/2.17.1/Drivers/STM32F4xx_HAL_Driver/Src/stm32f4xx_hal_rcc.c 0x00000000   Number         0  stm32f4xx_hal_rcc.o ABSOLUTE
    C:/Users/varun/AppData/Local/Arm/Packs/Keil/STM32F4xx_DFP/2.17.1/Drivers/STM32F4xx_HAL_Driver/Src/stm32f4xx_hal_rcc_ex.c 0x00000000   Number         0  stm32f4xx_hal_rcc_ex.o ABSOLUTE
    C:/Users/varun/AppData/Local/Arm/Packs/Keil/STM32F4xx_DFP/2.17.1/Drivers/STM32F4xx_HAL_Driver/Src/stm32f4xx_hal_uart.c 0x00000000   Number         0  stm32f4xx_hal_uart.o ABSOLUTE
    C:\Users\varun\AppData\Local\Arm\Packs\Keil\STM32F4xx_DFP\2.17.1\Drivers\STM32F4xx_HAL_Driver\Src\stm32f4xx_hal.c 0x00000000   Number         0  stm32f4xx_hal.o ABSOLUTE
    C:\Users\varun\AppData\Local\Arm\Packs\Keil\STM32F4xx_DFP\2.17.1\Drivers\STM32F4xx_HAL_Driver\Src\stm32f4xx_hal_cortex.c 0x00000000   Number         0  stm32f4xx_hal_cortex.o ABSOLUTE
    C:\Users\varun\AppData\Local\Arm\Packs\Keil\STM32F4xx_DFP\2.17.1\Drivers\STM32F4xx_HAL_Driver\Src\stm32f4xx_hal_dma.c 0x00000000   Number         0  stm32f4xx_hal_dma.o ABSOLUTE
    C:\Users\varun\AppData\Local\Arm\Packs\Keil\STM32F4xx_DFP\2.17.1\Drivers\STM32F4xx_HAL_Driver\Src\stm32f4xx_hal_dma_ex.c 0x00000000   Number         0  stm32f4xx_hal_dma_ex.o ABSOLUTE
    C:\Users\varun\AppData\Local\Arm\Packs\Keil\STM32F4xx_DFP\2.17.1\Drivers\STM32F4xx_HAL_Driver\Src\stm32f4xx_hal_gpio.c 0x00000000   Number         0  stm32f4xx_hal_gpio.o ABSOLUTE
    C:\Users\varun\AppData\Local\Arm\Packs\Keil\STM32F4xx_DFP\2.17.1\Drivers\STM32F4xx_HAL_Driver\Src\stm32f4xx_hal_i2c.c 0x00000000   Number         0  stm32f4xx_hal_i2c.o ABSOLUTE
    C:\Users\varun\AppData\Local\Arm\Packs\Keil\STM32F4xx_DFP\2.17.1\Drivers\STM32F4xx_HAL_Driver\Src\stm32f4xx_hal_pwr.c 0x00000000   Number         0  stm32f4xx_hal_pwr.o ABSOLUTE
    C:\Users\varun\AppData\Local\Arm\Packs\Keil\STM32F4xx_DFP\2.17.1\Drivers\STM32F4xx_HAL_Driver\Src\stm32f4xx_hal_pwr_ex.c 0x00000000   Number         0  stm32f4xx_hal_pwr_ex.o ABSOLUTE
    C:\Users\varun\AppData\Local\Arm\Packs\Keil\STM32F4xx_DFP\2.17.1\Drivers\STM32F4xx_HAL_Driver\Src\stm32f4xx_hal_rcc.c 0x00000000   Number         0  stm32f4xx_hal_rcc.o ABSOLUTE
    C:\Users\varun\AppData\Local\Arm\Packs\Keil\STM32F4xx_DFP\2.17.1\Drivers\STM32F4xx_HAL_Driver\Src\stm32f4xx_hal_rcc_ex.c 0x00000000   Number         0  stm32f4xx_hal_rcc_ex.o ABSOLUTE
    C:\Users\varun\AppData\Local\Arm\Packs\Keil\STM32F4xx_DFP\2.17.1\Drivers\STM32F4xx_HAL_Driver\Src\stm32f4xx_hal_uart.c 0x00000000   Number         0  stm32f4xx_hal_uart.o ABSOLUTE
    GSM_A6_Driver_STM32F407.c                0x00000000   Number         0  gsm_a6_driver_stm32f407.o ABSOLUTE
    GSM_A6_Driver_STM32F407.c                0x00000000   Number         0  gsm_a6_driver_stm32f407.o ABSOLUTE
    RTE/Device/STM32F407VGTx/startup_stm32f407xx.s 0x00000000   Number         0  startup_stm32f407xx.o ABSOLUTE
    RTE/Device/STM32F407VGTx/system_stm32f4xx.c 0x00000000   Number         0  system_stm32f4xx.o ABSOLUTE
    RTE\Device\STM32F407VGTx\system_stm32f4xx.c 0x00000000   Number         0  system_stm32f4xx.o ABSOLUTE
    STM32F407_I2C_LCD16x02_Driver.c          0x00000000   Number         0  stm32f407_i2c_lcd16x02_driver.o ABSOLUTE
    STM32F407_I2C_LCD16x02_Driver.c          0x00000000   Number         0  stm32f407_i2c_lcd16x02_driver.o ABSOLUTE
    STM32F407_KeypadDriver.c                 0x00000000   Number         0  stm32f407_keypaddriver.o ABSOLUTE
    STM32F407_KeypadDriver.c                 0x00000000   Number         0  stm32f407_keypaddriver.o ABSOLUTE
    dc.s                                     0x00000000   Number         0  dc.o ABSOLUTE
    main.c                                   0x00000000   Number         0  main.o ABSOLUTE
    main.c                                   0x00000000   Number         0  main.o ABSOLUTE
    RESET                                    0x08000000   Section      392  startup_stm32f407xx.o(RESET)
    !!!main                                  0x08000188   Section        8  __main.o(!!!main)
    !!!scatter                               0x08000190   Section       52  __scatter.o(!!!scatter)
    !!handler_copy                           0x080001c4   Section       26  __scatter_copy.o(!!handler_copy)
    !!handler_zi                             0x080001e0   Section       28  __scatter_zi.o(!!handler_zi)
    .ARM.Collect$$libinit$$00000000          0x080001fc   Section        2  libinit.o(.ARM.Collect$$libinit$$00000000)
    .ARM.Collect$$libinit$$00000001          0x080001fe   Section        4  libinit2.o(.ARM.Collect$$libinit$$00000001)
    .ARM.Collect$$libinit$$00000004          0x08000202   Section        0  libinit2.o(.ARM.Collect$$libinit$$00000004)
    .ARM.Collect$$libinit$$0000000A          0x08000202   Section        0  libinit2.o(.ARM.Collect$$libinit$$0000000A)
    .ARM.Collect$$libinit$$0000000C          0x08000202   Section        0  libinit2.o(.ARM.Collect$$libinit$$0000000C)
    .ARM.Collect$$libinit$$0000000E          0x08000202   Section        0  libinit2.o(.ARM.Collect$$libinit$$0000000E)
    .ARM.Collect$$libinit$$00000011          0x08000202   Section        0  libinit2.o(.ARM.Collect$$libinit$$00000011)
    .ARM.Collect$$libinit$$00000013          0x08000202   Section        0  libinit2.o(.ARM.Collect$$libinit$$00000013)
    .ARM.Collect$$libinit$$00000015          0x08000202   Section        0  libinit2.o(.ARM.Collect$$libinit$$00000015)
    .ARM.Collect$$libinit$$00000017          0x08000202   Section        0  libinit2.o(.ARM.Collect$$libinit$$00000017)
    .ARM.Collect$$libinit$$00000019          0x08000202   Section        0  libinit2.o(.ARM.Collect$$libinit$$00000019)
    .ARM.Collect$$libinit$$0000001B          0x08000202   Section        0  libinit2.o(.ARM.Collect$$libinit$$0000001B)
    .ARM.Collect$$libinit$$0000001D          0x08000202   Section        0  libinit2.o(.ARM.Collect$$libinit$$0000001D)
    .ARM.Collect$$libinit$$0000001F          0x08000202   Section        0  libinit2.o(.ARM.Collect$$libinit$$0000001F)
    .ARM.Collect$$libinit$$00000021          0x08000202   Section        0  libinit2.o(.ARM.Collect$$libinit$$00000021)
    .ARM.Collect$$libinit$$00000023          0x08000202   Section        0  libinit2.o(.ARM.Collect$$libinit$$00000023)
    .ARM.Collect$$libinit$$00000025          0x08000202   Section        0  libinit2.o(.ARM.Collect$$libinit$$00000025)
    .ARM.Collect$$libinit$$0000002C          0x08000202   Section        0  libinit2.o(.ARM.Collect$$libinit$$0000002C)
    .ARM.Collect$$libinit$$0000002E          0x08000202   Section        0  libinit2.o(.ARM.Collect$$libinit$$0000002E)
    .ARM.Collect$$libinit$$00000030          0x08000202   Section        0  libinit2.o(.ARM.Collect$$libinit$$00000030)
    .ARM.Collect$$libinit$$00000032          0x08000202   Section        0  libinit2.o(.ARM.Collect$$libinit$$00000032)
    .ARM.Collect$$libinit$$00000033          0x08000202   Section        2  libinit2.o(.ARM.Collect$$libinit$$00000033)
    .ARM.Collect$$libshutdown$$00000000      0x08000204   Section        2  libshutdown.o(.ARM.Collect$$libshutdown$$00000000)
    .ARM.Collect$$libshutdown$$00000002      0x08000206   Section        0  libshutdown2.o(.ARM.Collect$$libshutdown$$00000002)
    .ARM.Collect$$libshutdown$$00000004      0x08000206   Section        0  libshutdown2.o(.ARM.Collect$$libshutdown$$00000004)
    .ARM.Collect$$libshutdown$$00000006      0x08000206   Section        0  libshutdown2.o(.ARM.Collect$$libshutdown$$00000006)
    .ARM.Collect$$libshutdown$$00000009      0x08000206   Section        0  libshutdown2.o(.ARM.Collect$$libshutdown$$00000009)
    .ARM.Collect$$libshutdown$$0000000C      0x08000206   Section        0  libshutdown2.o(.ARM.Collect$$libshutdown$$0000000C)
    .ARM.Collect$$libshutdown$$0000000E      0x08000206   Section        0  libshutdown2.o(.ARM.Collect$$libshutdown$$0000000E)
    .ARM.Collect$$libshutdown$$00000011      0x08000206   Section        0  libshutdown2.o(.ARM.Collect$$libshutdown$$00000011)
    .ARM.Collect$$libshutdown$$00000012      0x08000206   Section        2  libshutdown2.o(.ARM.Collect$$libshutdown$$00000012)
    .ARM.Collect$$rtentry$$00000000          0x08000208   Section        0  __rtentry.o(.ARM.Collect$$rtentry$$00000000)
    .ARM.Collect$$rtentry$$00000002          0x08000208   Section        0  __rtentry2.o(.ARM.Collect$$rtentry$$00000002)
    .ARM.Collect$$rtentry$$00000004          0x08000208   Section        6  __rtentry4.o(.ARM.Collect$$rtentry$$00000004)
    .ARM.Collect$$rtentry$$00000009          0x0800020e   Section        0  __rtentry2.o(.ARM.Collect$$rtentry$$00000009)
    .ARM.Collect$$rtentry$$0000000A          0x0800020e   Section        4  __rtentry2.o(.ARM.Collect$$rtentry$$0000000A)
    .ARM.Collect$$rtentry$$0000000C          0x08000212   Section        0  __rtentry2.o(.ARM.Collect$$rtentry$$0000000C)
    .ARM.Collect$$rtentry$$0000000D          0x08000212   Section        8  __rtentry2.o(.ARM.Collect$$rtentry$$0000000D)
    .ARM.Collect$$rtexit$$00000000           0x0800021a   Section        2  rtexit.o(.ARM.Collect$$rtexit$$00000000)
    .ARM.Collect$$rtexit$$00000002           0x0800021c   Section        0  rtexit2.o(.ARM.Collect$$rtexit$$00000002)
    .ARM.Collect$$rtexit$$00000003           0x0800021c   Section        4  rtexit2.o(.ARM.Collect$$rtexit$$00000003)
    .ARM.Collect$$rtexit$$00000004           0x08000220   Section        6  rtexit2.o(.ARM.Collect$$rtexit$$00000004)
    .text                                    0x08000228   Section       64  startup_stm32f407xx.o(.text)
    $v0                                      0x08000228   Number         0  startup_stm32f407xx.o(.text)
    .text                                    0x08000268   Section      238  lludivv7m.o(.text)
    .text                                    0x08000356   Section        0  strstr.o(.text)
    .text                                    0x0800037a   Section        0  strlen.o(.text)
    .text                                    0x080003b8   Section        0  strcat.o(.text)
    .text                                    0x080003d0   Section      100  rt_memcpy_w.o(.text)
    .text                                    0x08000434   Section       78  rt_memclr_w.o(.text)
    .text                                    0x08000482   Section        0  heapauxi.o(.text)
    .text                                    0x08000488   Section       74  sys_stackheap_outer.o(.text)
    .text                                    0x080004d2   Section        0  exit.o(.text)
    .text                                    0x080004e4   Section        8  libspace.o(.text)
    .text                                    0x080004ec   Section        0  sys_exit.o(.text)
    .text                                    0x080004f8   Section        2  use_no_semi.o(.text)
    .text                                    0x080004fa   Section        0  indicate_semi.o(.text)
    i.Check_Keypad_Column                    0x080004fc   Section        0  stm32f407_keypaddriver.o(i.Check_Keypad_Column)
    Check_Keypad_Column                      0x080004fd   Thumb Code   162  stm32f407_keypaddriver.o(i.Check_Keypad_Column)
    i.DMA1_Stream5_IRQHandler                0x080005a8   Section        0  gsm_a6_driver_stm32f407.o(i.DMA1_Stream5_IRQHandler)
    i.DMA_CalcBaseAndBitshift                0x080005b8   Section        0  stm32f4xx_hal_dma.o(i.DMA_CalcBaseAndBitshift)
    DMA_CalcBaseAndBitshift                  0x080005b9   Thumb Code    46  stm32f4xx_hal_dma.o(i.DMA_CalcBaseAndBitshift)
    i.DMA_CheckFifoParam                     0x080005ec   Section        0  stm32f4xx_hal_dma.o(i.DMA_CheckFifoParam)
    DMA_CheckFifoParam                       0x080005ed   Thumb Code   170  stm32f4xx_hal_dma.o(i.DMA_CheckFifoParam)
    i.DMA_Config                             0x08000698   Section        0  gsm_a6_driver_stm32f407.o(i.DMA_Config)
    DMA_Config                               0x08000699   Thumb Code   116  gsm_a6_driver_stm32f407.o(i.DMA_Config)
    i.DMA_SetConfig                          0x0800071c   Section        0  stm32f4xx_hal_dma.o(i.DMA_SetConfig)
    DMA_SetConfig                            0x0800071d   Thumb Code    44  stm32f4xx_hal_dma.o(i.DMA_SetConfig)
    i.GPIO_Config                            0x08000748   Section        0  stm32f407_i2c_lcd16x02_driver.o(i.GPIO_Config)
    GPIO_Config                              0x08000749   Thumb Code   132  stm32f407_i2c_lcd16x02_driver.o(i.GPIO_Config)
    i.GSM_Clear_RX_buffer                    0x080007d4   Section        0  gsm_a6_driver_stm32f407.o(i.GSM_Clear_RX_buffer)
    i.GSM_Compare_GSMData_With               0x080007ec   Section        0  gsm_a6_driver_stm32f407.o(i.GSM_Compare_GSMData_With)
    i.GSM_HangUp_Call                        0x0800080c   Section        0  gsm_a6_driver_stm32f407.o(i.GSM_HangUp_Call)
    i.GSM_Init                               0x08000830   Section        0  gsm_a6_driver_stm32f407.o(i.GSM_Init)
    i.GSM_Make_Call                          0x080008a8   Section        0  gsm_a6_driver_stm32f407.o(i.GSM_Make_Call)
    i.GSM_Receive_Call                       0x080008e4   Section        0  gsm_a6_driver_stm32f407.o(i.GSM_Receive_Call)
    i.GSM_Receive_SMS                        0x08000924   Section        0  gsm_a6_driver_stm32f407.o(i.GSM_Receive_SMS)
    i.GSM_Send_AT_Command                    0x080009f8   Section        0  gsm_a6_driver_stm32f407.o(i.GSM_Send_AT_Command)
    i.GSM_Send_SMS                           0x08000a18   Section        0  gsm_a6_driver_stm32f407.o(i.GSM_Send_SMS)
    i.HAL_DMA_IRQHandler                     0x08000a9c   Section        0  stm32f4xx_hal_dma.o(i.HAL_DMA_IRQHandler)
    i.HAL_DMA_Init                           0x08000cdc   Section        0  stm32f4xx_hal_dma.o(i.HAL_DMA_Init)
    i.HAL_DMA_Start_IT                       0x08000dc8   Section        0  stm32f4xx_hal_dma.o(i.HAL_DMA_Start_IT)
    i.HAL_Delay                              0x08000e5c   Section        0  stm32f4xx_hal.o(i.HAL_Delay)
    i.HAL_GPIO_Init                          0x08000e84   Section        0  stm32f4xx_hal_gpio.o(i.HAL_GPIO_Init)
    i.HAL_GPIO_ReadPin                       0x08001078   Section        0  stm32f4xx_hal_gpio.o(i.HAL_GPIO_ReadPin)
    i.HAL_GPIO_WritePin                      0x08001088   Section        0  stm32f4xx_hal_gpio.o(i.HAL_GPIO_WritePin)
    i.HAL_GetTick                            0x08001094   Section        0  stm32f4xx_hal.o(i.HAL_GetTick)
    i.HAL_I2C_Init                           0x080010a0   Section        0  stm32f4xx_hal_i2c.o(i.HAL_I2C_Init)
    i.HAL_I2C_IsDeviceReady                  0x08001270   Section        0  stm32f4xx_hal_i2c.o(i.HAL_I2C_IsDeviceReady)
    i.HAL_I2C_Master_Transmit                0x08001428   Section        0  stm32f4xx_hal_i2c.o(i.HAL_I2C_Master_Transmit)
    i.HAL_I2C_MspInit                        0x08001598   Section        0  stm32f4xx_hal_i2c.o(i.HAL_I2C_MspInit)
    i.HAL_IncTick                            0x0800159c   Section        0  stm32f4xx_hal.o(i.HAL_IncTick)
    i.HAL_Init                               0x080015b4   Section        0  stm32f4xx_hal.o(i.HAL_Init)
    i.HAL_InitTick                           0x080015e4   Section        0  stm32f4xx_hal.o(i.HAL_InitTick)
    i.HAL_MspInit                            0x08001630   Section        0  stm32f4xx_hal.o(i.HAL_MspInit)
    i.HAL_NVIC_EnableIRQ                     0x08001632   Section        0  stm32f4xx_hal_cortex.o(i.HAL_NVIC_EnableIRQ)
    i.HAL_NVIC_SetPriority                   0x0800165a   Section        0  stm32f4xx_hal_cortex.o(i.HAL_NVIC_SetPriority)
    i.HAL_NVIC_SetPriorityGrouping           0x080016d8   Section        0  stm32f4xx_hal_cortex.o(i.HAL_NVIC_SetPriorityGrouping)
    i.HAL_RCC_GetHCLKFreq                    0x08001700   Section        0  stm32f4xx_hal_rcc.o(i.HAL_RCC_GetHCLKFreq)
    i.HAL_RCC_GetPCLK1Freq                   0x0800170c   Section        0  stm32f4xx_hal_rcc.o(i.HAL_RCC_GetPCLK1Freq)
    i.HAL_RCC_GetPCLK2Freq                   0x0800172c   Section        0  stm32f4xx_hal_rcc.o(i.HAL_RCC_GetPCLK2Freq)
    i.HAL_SYSTICK_CLKSourceConfig            0x0800174c   Section        0  stm32f4xx_hal_cortex.o(i.HAL_SYSTICK_CLKSourceConfig)
    i.HAL_SYSTICK_Callback                   0x08001774   Section        0  stm32f4xx_hal_cortex.o(i.HAL_SYSTICK_Callback)
    i.HAL_SYSTICK_Config                     0x08001776   Section        0  stm32f4xx_hal_cortex.o(i.HAL_SYSTICK_Config)
    i.HAL_SYSTICK_IRQHandler                 0x080017aa   Section        0  stm32f4xx_hal_cortex.o(i.HAL_SYSTICK_IRQHandler)
    i.HAL_UARTEx_RxEventCallback             0x080017b2   Section        0  stm32f4xx_hal_uart.o(i.HAL_UARTEx_RxEventCallback)
    i.HAL_UART_ErrorCallback                 0x080017b4   Section        0  stm32f4xx_hal_uart.o(i.HAL_UART_ErrorCallback)
    i.HAL_UART_Init                          0x080017b6   Section        0  stm32f4xx_hal_uart.o(i.HAL_UART_Init)
    i.HAL_UART_MspInit                       0x08001828   Section        0  stm32f4xx_hal_uart.o(i.HAL_UART_MspInit)
    i.HAL_UART_Receive_DMA                   0x0800182a   Section        0  stm32f4xx_hal_uart.o(i.HAL_UART_Receive_DMA)
    i.HAL_UART_RxCpltCallback                0x0800186c   Section        0  stm32f4xx_hal_uart.o(i.HAL_UART_RxCpltCallback)
    i.HAL_UART_RxHalfCpltCallback            0x0800186e   Section        0  stm32f4xx_hal_uart.o(i.HAL_UART_RxHalfCpltCallback)
    i.HAL_UART_Transmit                      0x08001870   Section        0  stm32f4xx_hal_uart.o(i.HAL_UART_Transmit)
    i.I2C_Config                             0x08001944   Section        0  stm32f407_i2c_lcd16x02_driver.o(i.I2C_Config)
    I2C_Config                               0x08001945   Thumb Code    74  stm32f407_i2c_lcd16x02_driver.o(i.I2C_Config)
    i.I2C_IsAcknowledgeFailed                0x080019a0   Section        0  stm32f4xx_hal_i2c.o(i.I2C_IsAcknowledgeFailed)
    I2C_IsAcknowledgeFailed                  0x080019a1   Thumb Code    62  stm32f4xx_hal_i2c.o(i.I2C_IsAcknowledgeFailed)
    i.I2C_MasterRequestWrite                 0x080019e0   Section        0  stm32f4xx_hal_i2c.o(i.I2C_MasterRequestWrite)
    I2C_MasterRequestWrite                   0x080019e1   Thumb Code   186  stm32f4xx_hal_i2c.o(i.I2C_MasterRequestWrite)
    i.I2C_WaitOnBTFFlagUntilTimeout          0x08001aa0   Section        0  stm32f4xx_hal_i2c.o(i.I2C_WaitOnBTFFlagUntilTimeout)
    I2C_WaitOnBTFFlagUntilTimeout            0x08001aa1   Thumb Code    92  stm32f4xx_hal_i2c.o(i.I2C_WaitOnBTFFlagUntilTimeout)
    i.I2C_WaitOnFlagUntilTimeout             0x08001afc   Section        0  stm32f4xx_hal_i2c.o(i.I2C_WaitOnFlagUntilTimeout)
    I2C_WaitOnFlagUntilTimeout               0x08001afd   Thumb Code   134  stm32f4xx_hal_i2c.o(i.I2C_WaitOnFlagUntilTimeout)
    i.I2C_WaitOnMasterAddressFlagUntilTimeout 0x08001b82   Section        0  stm32f4xx_hal_i2c.o(i.I2C_WaitOnMasterAddressFlagUntilTimeout)
    I2C_WaitOnMasterAddressFlagUntilTimeout  0x08001b83   Thumb Code   196  stm32f4xx_hal_i2c.o(i.I2C_WaitOnMasterAddressFlagUntilTimeout)
    i.I2C_WaitOnTXEFlagUntilTimeout          0x08001c46   Section        0  stm32f4xx_hal_i2c.o(i.I2C_WaitOnTXEFlagUntilTimeout)
    I2C_WaitOnTXEFlagUntilTimeout            0x08001c47   Thumb Code    92  stm32f4xx_hal_i2c.o(i.I2C_WaitOnTXEFlagUntilTimeout)
    i.KEYPAD_Init                            0x08001ca4   Section        0  stm32f407_keypaddriver.o(i.KEYPAD_Init)
    i.KEYPAD_Read                            0x08001e98   Section        0  stm32f407_keypaddriver.o(i.KEYPAD_Read)
    i.LCD_Clear_Then_Display                 0x08001eee   Section        0  stm32f407_i2c_lcd16x02_driver.o(i.LCD_Clear_Then_Display)
    i.LCD_Display_Long_Message               0x08001f00   Section        0  stm32f407_i2c_lcd16x02_driver.o(i.LCD_Display_Long_Message)
    i.LCD_Init                               0x08001f72   Section        0  stm32f407_i2c_lcd16x02_driver.o(i.LCD_Init)
    i.LCD_Send_Cmd                           0x08001fa8   Section        0  stm32f407_i2c_lcd16x02_driver.o(i.LCD_Send_Cmd)
    i.LCD_Send_Data                          0x08002024   Section        0  stm32f407_i2c_lcd16x02_driver.o(i.LCD_Send_Data)
    i.LCD_Send_String                        0x0800209c   Section        0  stm32f407_i2c_lcd16x02_driver.o(i.LCD_Send_String)
    i.LCD_Send_String_On_Line1               0x080020b2   Section        0  stm32f407_i2c_lcd16x02_driver.o(i.LCD_Send_String_On_Line1)
    i.LCD_Send_String_On_Line2               0x080020c4   Section        0  stm32f407_i2c_lcd16x02_driver.o(i.LCD_Send_String_On_Line2)
    i.Phone_Home_Display                     0x080020d8   Section        0  main.o(i.Phone_Home_Display)
    i.Phone_Make_Call                        0x08002108   Section        0  main.o(i.Phone_Make_Call)
    i.Phone_Receive_Call                     0x080022f0   Section        0  main.o(i.Phone_Receive_Call)
    i.Phone_Receive_SMS                      0x0800258c   Section        0  main.o(i.Phone_Receive_SMS)
    i.Phone_Send_SMS                         0x08002610   Section        0  main.o(i.Phone_Send_SMS)
    i.Set_Keypad_Row                         0x080027e4   Section        0  stm32f407_keypaddriver.o(i.Set_Keypad_Row)
    Set_Keypad_Row                           0x080027e5   Thumb Code   104  stm32f407_keypaddriver.o(i.Set_Keypad_Row)
    i.Store_Phone_Number                     0x08002854   Section        0  main.o(i.Store_Phone_Number)
    i.SysTick_Handler                        0x080028bc   Section        0  main.o(i.SysTick_Handler)
    i.SystemInit                             0x080028c8   Section        0  system_stm32f4xx.o(i.SystemInit)
    i.UART_Config                            0x080028dc   Section        0  gsm_a6_driver_stm32f407.o(i.UART_Config)
    UART_Config                              0x080028dd   Thumb Code   168  gsm_a6_driver_stm32f407.o(i.UART_Config)
    i.UART_DMAError                          0x08002994   Section        0  stm32f4xx_hal_uart.o(i.UART_DMAError)
    UART_DMAError                            0x08002995   Thumb Code    80  stm32f4xx_hal_uart.o(i.UART_DMAError)
    i.UART_DMAReceiveCplt                    0x080029e4   Section        0  stm32f4xx_hal_uart.o(i.UART_DMAReceiveCplt)
    UART_DMAReceiveCplt                      0x080029e5   Thumb Code   176  stm32f4xx_hal_uart.o(i.UART_DMAReceiveCplt)
    i.UART_DMARxHalfCplt                     0x08002a94   Section        0  stm32f4xx_hal_uart.o(i.UART_DMARxHalfCplt)
    UART_DMARxHalfCplt                       0x08002a95   Thumb Code    32  stm32f4xx_hal_uart.o(i.UART_DMARxHalfCplt)
    i.UART_EndRxTransfer                     0x08002ab4   Section        0  stm32f4xx_hal_uart.o(i.UART_EndRxTransfer)
    UART_EndRxTransfer                       0x08002ab5   Thumb Code   108  stm32f4xx_hal_uart.o(i.UART_EndRxTransfer)
    i.UART_EndTxTransfer                     0x08002b20   Section        0  stm32f4xx_hal_uart.o(i.UART_EndTxTransfer)
    UART_EndTxTransfer                       0x08002b21   Thumb Code    38  stm32f4xx_hal_uart.o(i.UART_EndTxTransfer)
    i.UART_SetConfig                         0x08002b48   Section        0  stm32f4xx_hal_uart.o(i.UART_SetConfig)
    UART_SetConfig                           0x08002b49   Thumb Code   546  stm32f4xx_hal_uart.o(i.UART_SetConfig)
    i.UART_Start_Receive_DMA                 0x08002d74   Section        0  stm32f4xx_hal_uart.o(i.UART_Start_Receive_DMA)
    i.UART_WaitOnFlagUntilTimeout            0x08002e44   Section        0  stm32f4xx_hal_uart.o(i.UART_WaitOnFlagUntilTimeout)
    UART_WaitOnFlagUntilTimeout              0x08002e45   Thumb Code   146  stm32f4xx_hal_uart.o(i.UART_WaitOnFlagUntilTimeout)
    i.__NVIC_GetPriorityGrouping             0x08002ed8   Section        0  stm32f4xx_hal_cortex.o(i.__NVIC_GetPriorityGrouping)
    __NVIC_GetPriorityGrouping               0x08002ed9   Thumb Code    10  stm32f4xx_hal_cortex.o(i.__NVIC_GetPriorityGrouping)
    i.__NVIC_SetPriority                     0x08002ee8   Section        0  stm32f4xx_hal_cortex.o(i.__NVIC_SetPriority)
    __NVIC_SetPriority                       0x08002ee9   Thumb Code    32  stm32f4xx_hal_cortex.o(i.__NVIC_SetPriority)
    i.main                                   0x08002f10   Section        0  main.o(i.main)
    x$fpl$fpinit                             0x080030ac   Section       10  fpinit.o(x$fpl$fpinit)
    $v0                                      0x080030ac   Number         0  fpinit.o(x$fpl$fpinit)
    .constdata                               0x080030b8   Section       16  main.o(.constdata)
    .constdata                               0x080030c8   Section       37  gsm_a6_driver_stm32f407.o(.constdata)
    .constdata                               0x080030ed   Section       16  stm32f407_keypaddriver.o(.constdata)
    .constdata                               0x080030fd   Section        8  stm32f4xx_hal_dma.o(.constdata)
    flagBitshiftOffset                       0x080030fd   Data           8  stm32f4xx_hal_dma.o(.constdata)
    .constdata                               0x08003105   Section       24  system_stm32f4xx.o(.constdata)
    .data                                    0x20000000   Section        9  stm32f4xx_hal.o(.data)
    .data                                    0x2000000c   Section        4  system_stm32f4xx.o(.data)
    .bss                                     0x20000010   Section       10  main.o(.bss)
    .bss                                     0x2000001c   Section      405  gsm_a6_driver_stm32f407.o(.bss)
    .bss                                     0x200001b4   Section       84  stm32f407_i2c_lcd16x02_driver.o(.bss)
    .bss                                     0x20000208   Section       96  libspace.o(.bss)
    HEAP                                     0x20000268   Section      512  startup_stm32f407xx.o(HEAP)
    Heap_Mem                                 0x20000268   Data         512  startup_stm32f407xx.o(HEAP)
    STACK                                    0x20000468   Section     1024  startup_stm32f407xx.o(STACK)
    Stack_Mem                                0x20000468   Data        1024  startup_stm32f407xx.o(STACK)
    __initial_sp                             0x20000868   Data           0  startup_stm32f407xx.o(STACK)

    Global Symbols

    Symbol Name                              Value     Ov Type        Size  Object(Section)

    BuildAttributes$$THM_ISAv4$E$P$D$K$B$S$7EM$VFPi3$EXTD16$VFPS$VFMA$PE$A:L22UL41UL21$X:L11$S22US41US21$IEEE1$IW$USESV6$~STKCKD$USESV7$~SHL$OSPACE$ROPI$EBA8$UX$STANDARDLIB$REQ8$PRES8$EABIv2 0x00000000   Number         0  anon$$obj.o ABSOLUTE
    __ARM_use_no_argv                        0x00000000   Number         0  main.o ABSOLUTE
    __ARM_exceptions_init                     - Undefined Weak Reference
    __alloca_initialize                       - Undefined Weak Reference
    __arm_fini_                               - Undefined Weak Reference
    __arm_preinit_                            - Undefined Weak Reference
    __cpp_initialize__aeabi_                  - Undefined Weak Reference
    __cxa_finalize                            - Undefined Weak Reference
    __rt_locale                               - Undefined Weak Reference
    __sigvec_lookup                           - Undefined Weak Reference
    _atexit_init                              - Undefined Weak Reference
    _call_atexit_fns                          - Undefined Weak Reference
    _clock_init                               - Undefined Weak Reference
    _fp_trap_init                             - Undefined Weak Reference
    _fp_trap_shutdown                         - Undefined Weak Reference
    _get_lc_collate                           - Undefined Weak Reference
    _get_lc_ctype                             - Undefined Weak Reference
    _get_lc_monetary                          - Undefined Weak Reference
    _get_lc_numeric                           - Undefined Weak Reference
    _get_lc_time                              - Undefined Weak Reference
    _getenv_init                              - Undefined Weak Reference
    _handle_redirection                       - Undefined Weak Reference
    _init_alloc                               - Undefined Weak Reference
    _init_user_alloc                          - Undefined Weak Reference
    _initio                                   - Undefined Weak Reference
    _rand_init                                - Undefined Weak Reference
    _signal_finish                            - Undefined Weak Reference
    _signal_init                              - Undefined Weak Reference
    _terminate_alloc                          - Undefined Weak Reference
    _terminate_user_alloc                     - Undefined Weak Reference
    _terminateio                              - Undefined Weak Reference
    __Vectors_Size                           0x00000188   Number         0  startup_stm32f407xx.o ABSOLUTE
    __Vectors                                0x08000000   Data           4  startup_stm32f407xx.o(RESET)
    __Vectors_End                            0x08000188   Data           0  startup_stm32f407xx.o(RESET)
    __main                                   0x08000189   Thumb Code     8  __main.o(!!!main)
    __scatterload                            0x08000191   Thumb Code     0  __scatter.o(!!!scatter)
    __scatterload_rt2                        0x08000191   Thumb Code    44  __scatter.o(!!!scatter)
    __scatterload_rt2_thumb_only             0x08000191   Thumb Code     0  __scatter.o(!!!scatter)
    __scatterload_null                       0x0800019f   Thumb Code     0  __scatter.o(!!!scatter)
    __scatterload_copy                       0x080001c5   Thumb Code    26  __scatter_copy.o(!!handler_copy)
    __scatterload_zeroinit                   0x080001e1   Thumb Code    28  __scatter_zi.o(!!handler_zi)
    __rt_lib_init                            0x080001fd   Thumb Code     0  libinit.o(.ARM.Collect$$libinit$$00000000)
    __rt_lib_init_fp_1                       0x080001ff   Thumb Code     0  libinit2.o(.ARM.Collect$$libinit$$00000001)
    __rt_lib_init_alloca_1                   0x08000203   Thumb Code     0  libinit2.o(.ARM.Collect$$libinit$$0000002E)
    __rt_lib_init_argv_1                     0x08000203   Thumb Code     0  libinit2.o(.ARM.Collect$$libinit$$0000002C)
    __rt_lib_init_atexit_1                   0x08000203   Thumb Code     0  libinit2.o(.ARM.Collect$$libinit$$0000001B)
    __rt_lib_init_clock_1                    0x08000203   Thumb Code     0  libinit2.o(.ARM.Collect$$libinit$$00000021)
    __rt_lib_init_cpp_1                      0x08000203   Thumb Code     0  libinit2.o(.ARM.Collect$$libinit$$00000032)
    __rt_lib_init_exceptions_1               0x08000203   Thumb Code     0  libinit2.o(.ARM.Collect$$libinit$$00000030)
    __rt_lib_init_fp_trap_1                  0x08000203   Thumb Code     0  libinit2.o(.ARM.Collect$$libinit$$0000001F)
    __rt_lib_init_getenv_1                   0x08000203   Thumb Code     0  libinit2.o(.ARM.Collect$$libinit$$00000023)
    __rt_lib_init_heap_1                     0x08000203   Thumb Code     0  libinit2.o(.ARM.Collect$$libinit$$0000000A)
    __rt_lib_init_lc_collate_1               0x08000203   Thumb Code     0  libinit2.o(.ARM.Collect$$libinit$$00000011)
    __rt_lib_init_lc_ctype_1                 0x08000203   Thumb Code     0  libinit2.o(.ARM.Collect$$libinit$$00000013)
    __rt_lib_init_lc_monetary_1              0x08000203   Thumb Code     0  libinit2.o(.ARM.Collect$$libinit$$00000015)
    __rt_lib_init_lc_numeric_1               0x08000203   Thumb Code     0  libinit2.o(.ARM.Collect$$libinit$$00000017)
    __rt_lib_init_lc_time_1                  0x08000203   Thumb Code     0  libinit2.o(.ARM.Collect$$libinit$$00000019)
    __rt_lib_init_preinit_1                  0x08000203   Thumb Code     0  libinit2.o(.ARM.Collect$$libinit$$00000004)
    __rt_lib_init_rand_1                     0x08000203   Thumb Code     0  libinit2.o(.ARM.Collect$$libinit$$0000000E)
    __rt_lib_init_return                     0x08000203   Thumb Code     0  libinit2.o(.ARM.Collect$$libinit$$00000033)
    __rt_lib_init_signal_1                   0x08000203   Thumb Code     0  libinit2.o(.ARM.Collect$$libinit$$0000001D)
    __rt_lib_init_stdio_1                    0x08000203   Thumb Code     0  libinit2.o(.ARM.Collect$$libinit$$00000025)
    __rt_lib_init_user_alloc_1               0x08000203   Thumb Code     0  libinit2.o(.ARM.Collect$$libinit$$0000000C)
    __rt_lib_shutdown                        0x08000205   Thumb Code     0  libshutdown.o(.ARM.Collect$$libshutdown$$00000000)
    __rt_lib_shutdown_cpp_1                  0x08000207   Thumb Code     0  libshutdown2.o(.ARM.Collect$$libshutdown$$00000004)
    __rt_lib_shutdown_fini_1                 0x08000207   Thumb Code     0  libshutdown2.o(.ARM.Collect$$libshutdown$$00000002)
    __rt_lib_shutdown_fp_trap_1              0x08000207   Thumb Code     0  libshutdown2.o(.ARM.Collect$$libshutdown$$00000009)
    __rt_lib_shutdown_heap_1                 0x08000207   Thumb Code     0  libshutdown2.o(.ARM.Collect$$libshutdown$$00000011)
    __rt_lib_shutdown_return                 0x08000207   Thumb Code     0  libshutdown2.o(.ARM.Collect$$libshutdown$$00000012)
    __rt_lib_shutdown_signal_1               0x08000207   Thumb Code     0  libshutdown2.o(.ARM.Collect$$libshutdown$$0000000C)
    __rt_lib_shutdown_stdio_1                0x08000207   Thumb Code     0  libshutdown2.o(.ARM.Collect$$libshutdown$$00000006)
    __rt_lib_shutdown_user_alloc_1           0x08000207   Thumb Code     0  libshutdown2.o(.ARM.Collect$$libshutdown$$0000000E)
    __rt_entry                               0x08000209   Thumb Code     0  __rtentry.o(.ARM.Collect$$rtentry$$00000000)
    __rt_entry_presh_1                       0x08000209   Thumb Code     0  __rtentry2.o(.ARM.Collect$$rtentry$$00000002)
    __rt_entry_sh                            0x08000209   Thumb Code     0  __rtentry4.o(.ARM.Collect$$rtentry$$00000004)
    __rt_entry_li                            0x0800020f   Thumb Code     0  __rtentry2.o(.ARM.Collect$$rtentry$$0000000A)
    __rt_entry_postsh_1                      0x0800020f   Thumb Code     0  __rtentry2.o(.ARM.Collect$$rtentry$$00000009)
    __rt_entry_main                          0x08000213   Thumb Code     0  __rtentry2.o(.ARM.Collect$$rtentry$$0000000D)
    __rt_entry_postli_1                      0x08000213   Thumb Code     0  __rtentry2.o(.ARM.Collect$$rtentry$$0000000C)
    __rt_exit                                0x0800021b   Thumb Code     0  rtexit.o(.ARM.Collect$$rtexit$$00000000)
    __rt_exit_ls                             0x0800021d   Thumb Code     0  rtexit2.o(.ARM.Collect$$rtexit$$00000003)
    __rt_exit_prels_1                        0x0800021d   Thumb Code     0  rtexit2.o(.ARM.Collect$$rtexit$$00000002)
    __rt_exit_exit                           0x08000221   Thumb Code     0  rtexit2.o(.ARM.Collect$$rtexit$$00000004)
    Reset_Handler                            0x08000229   Thumb Code     8  startup_stm32f407xx.o(.text)
    NMI_Handler                              0x08000231   Thumb Code     2  startup_stm32f407xx.o(.text)
    HardFault_Handler                        0x08000233   Thumb Code     2  startup_stm32f407xx.o(.text)
    MemManage_Handler                        0x08000235   Thumb Code     2  startup_stm32f407xx.o(.text)
    BusFault_Handler                         0x08000237   Thumb Code     2  startup_stm32f407xx.o(.text)
    UsageFault_Handler                       0x08000239   Thumb Code     2  startup_stm32f407xx.o(.text)
    SVC_Handler                              0x0800023b   Thumb Code     2  startup_stm32f407xx.o(.text)
    DebugMon_Handler                         0x0800023d   Thumb Code     2  startup_stm32f407xx.o(.text)
    PendSV_Handler                           0x0800023f   Thumb Code     2  startup_stm32f407xx.o(.text)
    ADC_IRQHandler                           0x08000243   Thumb Code     0  startup_stm32f407xx.o(.text)
    CAN1_RX0_IRQHandler                      0x08000243   Thumb Code     0  startup_stm32f407xx.o(.text)
    CAN1_RX1_IRQHandler                      0x08000243   Thumb Code     0  startup_stm32f407xx.o(.text)
    CAN1_SCE_IRQHandler                      0x08000243   Thumb Code     0  startup_stm32f407xx.o(.text)
    CAN1_TX_IRQHandler                       0x08000243   Thumb Code     0  startup_stm32f407xx.o(.text)
    CAN2_RX0_IRQHandler                      0x08000243   Thumb Code     0  startup_stm32f407xx.o(.text)
    CAN2_RX1_IRQHandler                      0x08000243   Thumb Code     0  startup_stm32f407xx.o(.text)
    CAN2_SCE_IRQHandler                      0x08000243   Thumb Code     0  startup_stm32f407xx.o(.text)
    CAN2_TX_IRQHandler                       0x08000243   Thumb Code     0  startup_stm32f407xx.o(.text)
    DCMI_IRQHandler                          0x08000243   Thumb Code     0  startup_stm32f407xx.o(.text)
    DMA1_Stream0_IRQHandler                  0x08000243   Thumb Code     0  startup_stm32f407xx.o(.text)
    DMA1_Stream1_IRQHandler                  0x08000243   Thumb Code     0  startup_stm32f407xx.o(.text)
    DMA1_Stream2_IRQHandler                  0x08000243   Thumb Code     0  startup_stm32f407xx.o(.text)
    DMA1_Stream3_IRQHandler                  0x08000243   Thumb Code     0  startup_stm32f407xx.o(.text)
    DMA1_Stream4_IRQHandler                  0x08000243   Thumb Code     0  startup_stm32f407xx.o(.text)
    DMA1_Stream6_IRQHandler                  0x08000243   Thumb Code     0  startup_stm32f407xx.o(.text)
    DMA1_Stream7_IRQHandler                  0x08000243   Thumb Code     0  startup_stm32f407xx.o(.text)
    DMA2_Stream0_IRQHandler                  0x08000243   Thumb Code     0  startup_stm32f407xx.o(.text)
    DMA2_Stream1_IRQHandler                  0x08000243   Thumb Code     0  startup_stm32f407xx.o(.text)
    DMA2_Stream2_IRQHandler                  0x08000243   Thumb Code     0  startup_stm32f407xx.o(.text)
    DMA2_Stream3_IRQHandler                  0x08000243   Thumb Code     0  startup_stm32f407xx.o(.text)
    DMA2_Stream4_IRQHandler                  0x08000243   Thumb Code     0  startup_stm32f407xx.o(.text)
    DMA2_Stream5_IRQHandler                  0x08000243   Thumb Code     0  startup_stm32f407xx.o(.text)
    DMA2_Stream6_IRQHandler                  0x08000243   Thumb Code     0  startup_stm32f407xx.o(.text)
    DMA2_Stream7_IRQHandler                  0x08000243   Thumb Code     0  startup_stm32f407xx.o(.text)
    ETH_IRQHandler                           0x08000243   Thumb Code     0  startup_stm32f407xx.o(.text)
    ETH_WKUP_IRQHandler                      0x08000243   Thumb Code     0  startup_stm32f407xx.o(.text)
    EXTI0_IRQHandler                         0x08000243   Thumb Code     0  startup_stm32f407xx.o(.text)
    EXTI15_10_IRQHandler                     0x08000243   Thumb Code     0  startup_stm32f407xx.o(.text)
    EXTI1_IRQHandler                         0x08000243   Thumb Code     0  startup_stm32f407xx.o(.text)
    EXTI2_IRQHandler                         0x08000243   Thumb Code     0  startup_stm32f407xx.o(.text)
    EXTI3_IRQHandler                         0x08000243   Thumb Code     0  startup_stm32f407xx.o(.text)
    EXTI4_IRQHandler                         0x08000243   Thumb Code     0  startup_stm32f407xx.o(.text)
    EXTI9_5_IRQHandler                       0x08000243   Thumb Code     0  startup_stm32f407xx.o(.text)
    FLASH_IRQHandler                         0x08000243   Thumb Code     0  startup_stm32f407xx.o(.text)
    FMC_IRQHandler                           0x08000243   Thumb Code     0  startup_stm32f407xx.o(.text)
    FPU_IRQHandler                           0x08000243   Thumb Code     0  startup_stm32f407xx.o(.text)
    HASH_RNG_IRQHandler                      0x08000243   Thumb Code     0  startup_stm32f407xx.o(.text)
    I2C1_ER_IRQHandler                       0x08000243   Thumb Code     0  startup_stm32f407xx.o(.text)
    I2C1_EV_IRQHandler                       0x08000243   Thumb Code     0  startup_stm32f407xx.o(.text)
    I2C2_ER_IRQHandler                       0x08000243   Thumb Code     0  startup_stm32f407xx.o(.text)
    I2C2_EV_IRQHandler                       0x08000243   Thumb Code     0  startup_stm32f407xx.o(.text)
    I2C3_ER_IRQHandler                       0x08000243   Thumb Code     0  startup_stm32f407xx.o(.text)
    I2C3_EV_IRQHandler                       0x08000243   Thumb Code     0  startup_stm32f407xx.o(.text)
    OTG_FS_IRQHandler                        0x08000243   Thumb Code     0  startup_stm32f407xx.o(.text)
    OTG_FS_WKUP_IRQHandler                   0x08000243   Thumb Code     0  startup_stm32f407xx.o(.text)
    OTG_HS_EP1_IN_IRQHandler                 0x08000243   Thumb Code     0  startup_stm32f407xx.o(.text)
    OTG_HS_EP1_OUT_IRQHandler                0x08000243   Thumb Code     0  startup_stm32f407xx.o(.text)
    OTG_HS_IRQHandler                        0x08000243   Thumb Code     0  startup_stm32f407xx.o(.text)
    OTG_HS_WKUP_IRQHandler                   0x08000243   Thumb Code     0  startup_stm32f407xx.o(.text)
    PVD_IRQHandler                           0x08000243   Thumb Code     0  startup_stm32f407xx.o(.text)
    RCC_IRQHandler                           0x08000243   Thumb Code     0  startup_stm32f407xx.o(.text)
    RTC_Alarm_IRQHandler                     0x08000243   Thumb Code     0  startup_stm32f407xx.o(.text)
    RTC_WKUP_IRQHandler                      0x08000243   Thumb Code     0  startup_stm32f407xx.o(.text)
    SDIO_IRQHandler                          0x08000243   Thumb Code     0  startup_stm32f407xx.o(.text)
    SPI1_IRQHandler                          0x08000243   Thumb Code     0  startup_stm32f407xx.o(.text)
    SPI2_IRQHandler                          0x08000243   Thumb Code     0  startup_stm32f407xx.o(.text)
    SPI3_IRQHandler                          0x08000243   Thumb Code     0  startup_stm32f407xx.o(.text)
    TAMP_STAMP_IRQHandler                    0x08000243   Thumb Code     0  startup_stm32f407xx.o(.text)
    TIM1_BRK_TIM9_IRQHandler                 0x08000243   Thumb Code     0  startup_stm32f407xx.o(.text)
    TIM1_CC_IRQHandler                       0x08000243   Thumb Code     0  startup_stm32f407xx.o(.text)
    TIM1_TRG_COM_TIM11_IRQHandler            0x08000243   Thumb Code     0  startup_stm32f407xx.o(.text)
    TIM1_UP_TIM10_IRQHandler                 0x08000243   Thumb Code     0  startup_stm32f407xx.o(.text)
    TIM2_IRQHandler                          0x08000243   Thumb Code     0  startup_stm32f407xx.o(.text)
    TIM3_IRQHandler                          0x08000243   Thumb Code     0  startup_stm32f407xx.o(.text)
    TIM4_IRQHandler                          0x08000243   Thumb Code     0  startup_stm32f407xx.o(.text)
    TIM5_IRQHandler                          0x08000243   Thumb Code     0  startup_stm32f407xx.o(.text)
    TIM6_DAC_IRQHandler                      0x08000243   Thumb Code     0  startup_stm32f407xx.o(.text)
    TIM7_IRQHandler                          0x08000243   Thumb Code     0  startup_stm32f407xx.o(.text)
    TIM8_BRK_TIM12_IRQHandler                0x08000243   Thumb Code     0  startup_stm32f407xx.o(.text)
    TIM8_CC_IRQHandler                       0x08000243   Thumb Code     0  startup_stm32f407xx.o(.text)
    TIM8_TRG_COM_TIM14_IRQHandler            0x08000243   Thumb Code     0  startup_stm32f407xx.o(.text)
    TIM8_UP_TIM13_IRQHandler                 0x08000243   Thumb Code     0  startup_stm32f407xx.o(.text)
    UART4_IRQHandler                         0x08000243   Thumb Code     0  startup_stm32f407xx.o(.text)
    UART5_IRQHandler                         0x08000243   Thumb Code     0  startup_stm32f407xx.o(.text)
    USART1_IRQHandler                        0x08000243   Thumb Code     0  startup_stm32f407xx.o(.text)
    USART2_IRQHandler                        0x08000243   Thumb Code     0  startup_stm32f407xx.o(.text)
    USART3_IRQHandler                        0x08000243   Thumb Code     0  startup_stm32f407xx.o(.text)
    USART6_IRQHandler                        0x08000243   Thumb Code     0  startup_stm32f407xx.o(.text)
    WWDG_IRQHandler                          0x08000243   Thumb Code     0  startup_stm32f407xx.o(.text)
    __user_initial_stackheap                 0x08000245   Thumb Code     0  startup_stm32f407xx.o(.text)
    __aeabi_uldivmod                         0x08000269   Thumb Code     0  lludivv7m.o(.text)
    _ll_udiv                                 0x08000269   Thumb Code   238  lludivv7m.o(.text)
    strstr                                   0x08000357   Thumb Code    36  strstr.o(.text)
    strlen                                   0x0800037b   Thumb Code    62  strlen.o(.text)
    strcat                                   0x080003b9   Thumb Code    24  strcat.o(.text)
    __aeabi_memcpy4                          0x080003d1   Thumb Code     0  rt_memcpy_w.o(.text)
    __aeabi_memcpy8                          0x080003d1   Thumb Code     0  rt_memcpy_w.o(.text)
    __rt_memcpy_w                            0x080003d1   Thumb Code   100  rt_memcpy_w.o(.text)
    _memcpy_lastbytes_aligned                0x08000419   Thumb Code     0  rt_memcpy_w.o(.text)
    __aeabi_memclr4                          0x08000435   Thumb Code     0  rt_memclr_w.o(.text)
    __aeabi_memclr8                          0x08000435   Thumb Code     0  rt_memclr_w.o(.text)
    __rt_memclr_w                            0x08000435   Thumb Code    78  rt_memclr_w.o(.text)
    _memset_w                                0x08000439   Thumb Code     0  rt_memclr_w.o(.text)
    __use_two_region_memory                  0x08000483   Thumb Code     2  heapauxi.o(.text)
    __rt_heap_escrow$2region                 0x08000485   Thumb Code     2  heapauxi.o(.text)
    __rt_heap_expand$2region                 0x08000487   Thumb Code     2  heapauxi.o(.text)
    __user_setup_stackheap                   0x08000489   Thumb Code    74  sys_stackheap_outer.o(.text)
    exit                                     0x080004d3   Thumb Code    18  exit.o(.text)
    __user_libspace                          0x080004e5   Thumb Code     8  libspace.o(.text)
    __user_perproc_libspace                  0x080004e5   Thumb Code     0  libspace.o(.text)
    __user_perthread_libspace                0x080004e5   Thumb Code     0  libspace.o(.text)
    _sys_exit                                0x080004ed   Thumb Code     8  sys_exit.o(.text)
    __I$use$semihosting                      0x080004f9   Thumb Code     0  use_no_semi.o(.text)
    __use_no_semihosting_swi                 0x080004f9   Thumb Code     2  use_no_semi.o(.text)
    __semihosting_library_function           0x080004fb   Thumb Code     0  indicate_semi.o(.text)
    DMA1_Stream5_IRQHandler                  0x080005a9   Thumb Code    10  gsm_a6_driver_stm32f407.o(i.DMA1_Stream5_IRQHandler)
    GSM_Clear_RX_buffer                      0x080007d5   Thumb Code    18  gsm_a6_driver_stm32f407.o(i.GSM_Clear_RX_buffer)
    GSM_Compare_GSMData_With                 0x080007ed   Thumb Code    26  gsm_a6_driver_stm32f407.o(i.GSM_Compare_GSMData_With)
    GSM_HangUp_Call                          0x0800080d   Thumb Code    26  gsm_a6_driver_stm32f407.o(i.GSM_HangUp_Call)
    GSM_Init                                 0x08000831   Thumb Code    76  gsm_a6_driver_stm32f407.o(i.GSM_Init)
    GSM_Make_Call                            0x080008a9   Thumb Code    50  gsm_a6_driver_stm32f407.o(i.GSM_Make_Call)
    GSM_Receive_Call                         0x080008e5   Thumb Code    48  gsm_a6_driver_stm32f407.o(i.GSM_Receive_Call)
    GSM_Receive_SMS                          0x08000925   Thumb Code   190  gsm_a6_driver_stm32f407.o(i.GSM_Receive_SMS)
    GSM_Send_AT_Command                      0x080009f9   Thumb Code    28  gsm_a6_driver_stm32f407.o(i.GSM_Send_AT_Command)
    GSM_Send_SMS                             0x08000a19   Thumb Code   106  gsm_a6_driver_stm32f407.o(i.GSM_Send_SMS)
    HAL_DMA_IRQHandler                       0x08000a9d   Thumb Code   570  stm32f4xx_hal_dma.o(i.HAL_DMA_IRQHandler)
    HAL_DMA_Init                             0x08000cdd   Thumb Code   232  stm32f4xx_hal_dma.o(i.HAL_DMA_Init)
    HAL_DMA_Start_IT                         0x08000dc9   Thumb Code   146  stm32f4xx_hal_dma.o(i.HAL_DMA_Start_IT)
    HAL_Delay                                0x08000e5d   Thumb Code    36  stm32f4xx_hal.o(i.HAL_Delay)
    HAL_GPIO_Init                            0x08000e85   Thumb Code   454  stm32f4xx_hal_gpio.o(i.HAL_GPIO_Init)
    HAL_GPIO_ReadPin                         0x08001079   Thumb Code    16  stm32f4xx_hal_gpio.o(i.HAL_GPIO_ReadPin)
    HAL_GPIO_WritePin                        0x08001089   Thumb Code    12  stm32f4xx_hal_gpio.o(i.HAL_GPIO_WritePin)
    HAL_GetTick                              0x08001095   Thumb Code     6  stm32f4xx_hal.o(i.HAL_GetTick)
    HAL_I2C_Init                             0x080010a1   Thumb Code   446  stm32f4xx_hal_i2c.o(i.HAL_I2C_Init)
    HAL_I2C_IsDeviceReady                    0x08001271   Thumb Code   430  stm32f4xx_hal_i2c.o(i.HAL_I2C_IsDeviceReady)
    HAL_I2C_Master_Transmit                  0x08001429   Thumb Code   360  stm32f4xx_hal_i2c.o(i.HAL_I2C_Master_Transmit)
    HAL_I2C_MspInit                          0x08001599   Thumb Code     2  stm32f4xx_hal_i2c.o(i.HAL_I2C_MspInit)
    HAL_IncTick                              0x0800159d   Thumb Code    16  stm32f4xx_hal.o(i.HAL_IncTick)
    HAL_Init                                 0x080015b5   Thumb Code    44  stm32f4xx_hal.o(i.HAL_Init)
    HAL_InitTick                             0x080015e5   Thumb Code    64  stm32f4xx_hal.o(i.HAL_InitTick)
    HAL_MspInit                              0x08001631   Thumb Code     2  stm32f4xx_hal.o(i.HAL_MspInit)
    HAL_NVIC_EnableIRQ                       0x08001633   Thumb Code    40  stm32f4xx_hal_cortex.o(i.HAL_NVIC_EnableIRQ)
    HAL_NVIC_SetPriority                     0x0800165b   Thumb Code   124  stm32f4xx_hal_cortex.o(i.HAL_NVIC_SetPriority)
    HAL_NVIC_SetPriorityGrouping             0x080016d9   Thumb Code    32  stm32f4xx_hal_cortex.o(i.HAL_NVIC_SetPriorityGrouping)
    HAL_RCC_GetHCLKFreq                      0x08001701   Thumb Code     6  stm32f4xx_hal_rcc.o(i.HAL_RCC_GetHCLKFreq)
    HAL_RCC_GetPCLK1Freq                     0x0800170d   Thumb Code    22  stm32f4xx_hal_rcc.o(i.HAL_RCC_GetPCLK1Freq)
    HAL_RCC_GetPCLK2Freq                     0x0800172d   Thumb Code    22  stm32f4xx_hal_rcc.o(i.HAL_RCC_GetPCLK2Freq)
    HAL_SYSTICK_CLKSourceConfig              0x0800174d   Thumb Code    40  stm32f4xx_hal_cortex.o(i.HAL_SYSTICK_CLKSourceConfig)
    HAL_SYSTICK_Callback                     0x08001775   Thumb Code     2  stm32f4xx_hal_cortex.o(i.HAL_SYSTICK_Callback)
    HAL_SYSTICK_Config                       0x08001777   Thumb Code    52  stm32f4xx_hal_cortex.o(i.HAL_SYSTICK_Config)
    HAL_SYSTICK_IRQHandler                   0x080017ab   Thumb Code     8  stm32f4xx_hal_cortex.o(i.HAL_SYSTICK_IRQHandler)
    HAL_UARTEx_RxEventCallback               0x080017b3   Thumb Code     2  stm32f4xx_hal_uart.o(i.HAL_UARTEx_RxEventCallback)
    HAL_UART_ErrorCallback                   0x080017b5   Thumb Code     2  stm32f4xx_hal_uart.o(i.HAL_UART_ErrorCallback)
    HAL_UART_Init                            0x080017b7   Thumb Code   114  stm32f4xx_hal_uart.o(i.HAL_UART_Init)
    HAL_UART_MspInit                         0x08001829   Thumb Code     2  stm32f4xx_hal_uart.o(i.HAL_UART_MspInit)
    HAL_UART_Receive_DMA                     0x0800182b   Thumb Code    66  stm32f4xx_hal_uart.o(i.HAL_UART_Receive_DMA)
    HAL_UART_RxCpltCallback                  0x0800186d   Thumb Code     2  stm32f4xx_hal_uart.o(i.HAL_UART_RxCpltCallback)
    HAL_UART_RxHalfCpltCallback              0x0800186f   Thumb Code     2  stm32f4xx_hal_uart.o(i.HAL_UART_RxHalfCpltCallback)
    HAL_UART_Transmit                        0x08001871   Thumb Code   210  stm32f4xx_hal_uart.o(i.HAL_UART_Transmit)
    KEYPAD_Init                              0x08001ca5   Thumb Code   488  stm32f407_keypaddriver.o(i.KEYPAD_Init)
    KEYPAD_Read                              0x08001e99   Thumb Code    86  stm32f407_keypaddriver.o(i.KEYPAD_Read)
    LCD_Clear_Then_Display                   0x08001eef   Thumb Code    18  stm32f407_i2c_lcd16x02_driver.o(i.LCD_Clear_Then_Display)
    LCD_Display_Long_Message                 0x08001f01   Thumb Code   114  stm32f407_i2c_lcd16x02_driver.o(i.LCD_Display_Long_Message)
    LCD_Init                                 0x08001f73   Thumb Code    54  stm32f407_i2c_lcd16x02_driver.o(i.LCD_Init)
    LCD_Send_Cmd                             0x08001fa9   Thumb Code   120  stm32f407_i2c_lcd16x02_driver.o(i.LCD_Send_Cmd)
    LCD_Send_Data                            0x08002025   Thumb Code   114  stm32f407_i2c_lcd16x02_driver.o(i.LCD_Send_Data)
    LCD_Send_String                          0x0800209d   Thumb Code    22  stm32f407_i2c_lcd16x02_driver.o(i.LCD_Send_String)
    LCD_Send_String_On_Line1                 0x080020b3   Thumb Code    18  stm32f407_i2c_lcd16x02_driver.o(i.LCD_Send_String_On_Line1)
    LCD_Send_String_On_Line2                 0x080020c5   Thumb Code    18  stm32f407_i2c_lcd16x02_driver.o(i.LCD_Send_String_On_Line2)
    Phone_Home_Display                       0x080020d9   Thumb Code    16  main.o(i.Phone_Home_Display)
    Phone_Make_Call                          0x08002109   Thumb Code   366  main.o(i.Phone_Make_Call)
    Phone_Receive_Call                       0x080022f1   Thumb Code   574  main.o(i.Phone_Receive_Call)
    Phone_Receive_SMS                        0x0800258d   Thumb Code    88  main.o(i.Phone_Receive_SMS)
    Phone_Send_SMS                           0x08002611   Thumb Code   310  main.o(i.Phone_Send_SMS)
    Store_Phone_Number                       0x08002855   Thumb Code   100  main.o(i.Store_Phone_Number)
    SysTick_Handler                          0x080028bd   Thumb Code    12  main.o(i.SysTick_Handler)
    SystemInit                               0x080028c9   Thumb Code    14  system_stm32f4xx.o(i.SystemInit)
    UART_Start_Receive_DMA                   0x08002d75   Thumb Code   196  stm32f4xx_hal_uart.o(i.UART_Start_Receive_DMA)
    main                                     0x08002f11   Thumb Code   336  main.o(i.main)
    _fp_init                                 0x080030ad   Thumb Code    10  fpinit.o(x$fpl$fpinit)
    __fplib_config_fpu_vfp                   0x080030b5   Thumb Code     0  fpinit.o(x$fpl$fpinit)
    __fplib_config_pureend_doubles           0x080030b5   Thumb Code     0  fpinit.o(x$fpl$fpinit)
    Keypad_Button_Values                     0x080030ed   Data          16  stm32f407_keypaddriver.o(.constdata)
    AHBPrescTable                            0x08003105   Data          16  system_stm32f4xx.o(.constdata)
    APBPrescTable                            0x08003115   Data           8  system_stm32f4xx.o(.constdata)
    Region$$Table$$Base                      0x08003120   Number         0  anon$$obj.o(Region$$Table)
    Region$$Table$$Limit                     0x08003140   Number         0  anon$$obj.o(Region$$Table)
    uwTick                                   0x20000000   Data           4  stm32f4xx_hal.o(.data)
    uwTickPrio                               0x20000004   Data           4  stm32f4xx_hal.o(.data)
    uwTickFreq                               0x20000008   Data           1  stm32f4xx_hal.o(.data)
    SystemCoreClock                          0x2000000c   Data           4  system_stm32f4xx.o(.data)
    phone_num                                0x20000010   Data          10  main.o(.bss)
    myUARThandle                             0x2000001c   Data          68  gsm_a6_driver_stm32f407.o(.bss)
    myDMA_Uart2Handle                        0x20000060   Data          96  gsm_a6_driver_stm32f407.o(.bss)
    RX_Buffer                                0x200000c0   Data         128  gsm_a6_driver_stm32f407.o(.bss)
    Incoming_SMS_Phone_Num                   0x20000140   Data          13  gsm_a6_driver_stm32f407.o(.bss)
    Incoming_SMS_Message                     0x2000014d   Data         100  gsm_a6_driver_stm32f407.o(.bss)
    myI2Chandle                              0x200001b4   Data          84  stm32f407_i2c_lcd16x02_driver.o(.bss)
    __libspace_start                         0x20000208   Data          96  libspace.o(.bss)
    __temporary_stack_top$libspace           0x20000268   Data           0  libspace.o(.bss)



==============================================================================

Memory Map of the image

  Image Entry point : 0x08000189

  Load Region LR_IROM1 (Base: 0x08000000, Size: 0x00003150, Max: 0x00100000, ABSOLUTE)

    Execution Region ER_IROM1 (Exec base: 0x08000000, Load base: 0x08000000, Size: 0x00003140, Max: 0x00100000, ABSOLUTE)

    Exec Addr    Load Addr    Size         Type   Attr      Idx    E Section Name        Object

    0x08000000   0x08000000   0x00000188   Data   RO         2107    RESET               startup_stm32f407xx.o
    0x08000188   0x08000188   0x00000008   Code   RO         2165  * !!!main             c_w.l(__main.o)
    0x08000190   0x08000190   0x00000034   Code   RO         2334    !!!scatter          c_w.l(__scatter.o)
    0x080001c4   0x080001c4   0x0000001a   Code   RO         2336    !!handler_copy      c_w.l(__scatter_copy.o)
    0x080001de   0x080001de   0x00000002   PAD
    0x080001e0   0x080001e0   0x0000001c   Code   RO         2338    !!handler_zi        c_w.l(__scatter_zi.o)
    0x080001fc   0x080001fc   0x00000002   Code   RO         2202    .ARM.Collect$$libinit$$00000000  c_w.l(libinit.o)
    0x080001fe   0x080001fe   0x00000004   Code   RO         2214    .ARM.Collect$$libinit$$00000001  c_w.l(libinit2.o)
    0x08000202   0x08000202   0x00000000   Code   RO         2217    .ARM.Collect$$libinit$$00000004  c_w.l(libinit2.o)
    0x08000202   0x08000202   0x00000000   Code   RO         2220    .ARM.Collect$$libinit$$0000000A  c_w.l(libinit2.o)
    0x08000202   0x08000202   0x00000000   Code   RO         2222    .ARM.Collect$$libinit$$0000000C  c_w.l(libinit2.o)
    0x08000202   0x08000202   0x00000000   Code   RO         2224    .ARM.Collect$$libinit$$0000000E  c_w.l(libinit2.o)
    0x08000202   0x08000202   0x00000000   Code   RO         2227    .ARM.Collect$$libinit$$00000011  c_w.l(libinit2.o)
    0x08000202   0x08000202   0x00000000   Code   RO         2229    .ARM.Collect$$libinit$$00000013  c_w.l(libinit2.o)
    0x08000202   0x08000202   0x00000000   Code   RO         2231    .ARM.Collect$$libinit$$00000015  c_w.l(libinit2.o)
    0x08000202   0x08000202   0x00000000   Code   RO         2233    .ARM.Collect$$libinit$$00000017  c_w.l(libinit2.o)
    0x08000202   0x08000202   0x00000000   Code   RO         2235    .ARM.Collect$$libinit$$00000019  c_w.l(libinit2.o)
    0x08000202   0x08000202   0x00000000   Code   RO         2237    .ARM.Collect$$libinit$$0000001B  c_w.l(libinit2.o)
    0x08000202   0x08000202   0x00000000   Code   RO         2239    .ARM.Collect$$libinit$$0000001D  c_w.l(libinit2.o)
    0x08000202   0x08000202   0x00000000   Code   RO         2241    .ARM.Collect$$libinit$$0000001F  c_w.l(libinit2.o)
    0x08000202   0x08000202   0x00000000   Code   RO         2243    .ARM.Collect$$libinit$$00000021  c_w.l(libinit2.o)
    0x08000202   0x08000202   0x00000000   Code   RO         2245    .ARM.Collect$$libinit$$00000023  c_w.l(libinit2.o)
    0x08000202   0x08000202   0x00000000   Code   RO         2247    .ARM.Collect$$libinit$$00000025  c_w.l(libinit2.o)
    0x08000202   0x08000202   0x00000000   Code   RO         2251    .ARM.Collect$$libinit$$0000002C  c_w.l(libinit2.o)
    0x08000202   0x08000202   0x00000000   Code   RO         2253    .ARM.Collect$$libinit$$0000002E  c_w.l(libinit2.o)
    0x08000202   0x08000202   0x00000000   Code   RO         2255    .ARM.Collect$$libinit$$00000030  c_w.l(libinit2.o)
    0x08000202   0x08000202   0x00000000   Code   RO         2257    .ARM.Collect$$libinit$$00000032  c_w.l(libinit2.o)
    0x08000202   0x08000202   0x00000002   Code   RO         2258    .ARM.Collect$$libinit$$00000033  c_w.l(libinit2.o)
    0x08000204   0x08000204   0x00000002   Code   RO         2289    .ARM.Collect$$libshutdown$$00000000  c_w.l(libshutdown.o)
    0x08000206   0x08000206   0x00000000   Code   RO         2315    .ARM.Collect$$libshutdown$$00000002  c_w.l(libshutdown2.o)
    0x08000206   0x08000206   0x00000000   Code   RO         2317    .ARM.Collect$$libshutdown$$00000004  c_w.l(libshutdown2.o)
    0x08000206   0x08000206   0x00000000   Code   RO         2319    .ARM.Collect$$libshutdown$$00000006  c_w.l(libshutdown2.o)
    0x08000206   0x08000206   0x00000000   Code   RO         2322    .ARM.Collect$$libshutdown$$00000009  c_w.l(libshutdown2.o)
    0x08000206   0x08000206   0x00000000   Code   RO         2325    .ARM.Collect$$libshutdown$$0000000C  c_w.l(libshutdown2.o)
    0x08000206   0x08000206   0x00000000   Code   RO         2327    .ARM.Collect$$libshutdown$$0000000E  c_w.l(libshutdown2.o)
    0x08000206   0x08000206   0x00000000   Code   RO         2330    .ARM.Collect$$libshutdown$$00000011  c_w.l(libshutdown2.o)
    0x08000206   0x08000206   0x00000002   Code   RO         2331    .ARM.Collect$$libshutdown$$00000012  c_w.l(libshutdown2.o)
    0x08000208   0x08000208   0x00000000   Code   RO         2167    .ARM.Collect$$rtentry$$00000000  c_w.l(__rtentry.o)
    0x08000208   0x08000208   0x00000000   Code   RO         2173    .ARM.Collect$$rtentry$$00000002  c_w.l(__rtentry2.o)
    0x08000208   0x08000208   0x00000006   Code   RO         2185    .ARM.Collect$$rtentry$$00000004  c_w.l(__rtentry4.o)
    0x0800020e   0x0800020e   0x00000000   Code   RO         2175    .ARM.Collect$$rtentry$$00000009  c_w.l(__rtentry2.o)
    0x0800020e   0x0800020e   0x00000004   Code   RO         2176    .ARM.Collect$$rtentry$$0000000A  c_w.l(__rtentry2.o)
    0x08000212   0x08000212   0x00000000   Code   RO         2178    .ARM.Collect$$rtentry$$0000000C  c_w.l(__rtentry2.o)
    0x08000212   0x08000212   0x00000008   Code   RO         2179    .ARM.Collect$$rtentry$$0000000D  c_w.l(__rtentry2.o)
    0x0800021a   0x0800021a   0x00000002   Code   RO         2206    .ARM.Collect$$rtexit$$00000000  c_w.l(rtexit.o)
    0x0800021c   0x0800021c   0x00000000   Code   RO         2262    .ARM.Collect$$rtexit$$00000002  c_w.l(rtexit2.o)
    0x0800021c   0x0800021c   0x00000004   Code   RO         2263    .ARM.Collect$$rtexit$$00000003  c_w.l(rtexit2.o)
    0x08000220   0x08000220   0x00000006   Code   RO         2264    .ARM.Collect$$rtexit$$00000004  c_w.l(rtexit2.o)
    0x08000226   0x08000226   0x00000002   PAD
    0x08000228   0x08000228   0x00000040   Code   RO         2108    .text               startup_stm32f407xx.o
    0x08000268   0x08000268   0x000000ee   Code   RO         2151    .text               c_w.l(lludivv7m.o)
    0x08000356   0x08000356   0x00000024   Code   RO         2153    .text               c_w.l(strstr.o)
    0x0800037a   0x0800037a   0x0000003e   Code   RO         2155    .text               c_w.l(strlen.o)
    0x080003b8   0x080003b8   0x00000018   Code   RO         2157    .text               c_w.l(strcat.o)
    0x080003d0   0x080003d0   0x00000064   Code   RO         2159    .text               c_w.l(rt_memcpy_w.o)
    0x08000434   0x08000434   0x0000004e   Code   RO         2161    .text               c_w.l(rt_memclr_w.o)
    0x08000482   0x08000482   0x00000006   Code   RO         2163    .text               c_w.l(heapauxi.o)
    0x08000488   0x08000488   0x0000004a   Code   RO         2189    .text               c_w.l(sys_stackheap_outer.o)
    0x080004d2   0x080004d2   0x00000012   Code   RO         2191    .text               c_w.l(exit.o)
    0x080004e4   0x080004e4   0x00000008   Code   RO         2203    .text               c_w.l(libspace.o)
    0x080004ec   0x080004ec   0x0000000c   Code   RO         2259    .text               c_w.l(sys_exit.o)
    0x080004f8   0x080004f8   0x00000002   Code   RO         2278    .text               c_w.l(use_no_semi.o)
    0x080004fa   0x080004fa   0x00000000   Code   RO         2280    .text               c_w.l(indicate_semi.o)
    0x080004fa   0x080004fa   0x00000002   PAD
    0x080004fc   0x080004fc   0x000000ac   Code   RO          357    i.Check_Keypad_Column  stm32f407_keypaddriver.o
    0x080005a8   0x080005a8   0x00000010   Code   RO          183    i.DMA1_Stream5_IRQHandler  gsm_a6_driver_stm32f407.o
    0x080005b8   0x080005b8   0x00000034   Code   RO          726    i.DMA_CalcBaseAndBitshift  stm32f4xx_hal_dma.o
    0x080005ec   0x080005ec   0x000000aa   Code   RO          727    i.DMA_CheckFifoParam  stm32f4xx_hal_dma.o
    0x08000696   0x08000696   0x00000002   PAD
    0x08000698   0x08000698   0x00000084   Code   RO          184    i.DMA_Config        gsm_a6_driver_stm32f407.o
    0x0800071c   0x0800071c   0x0000002c   Code   RO          728    i.DMA_SetConfig     stm32f4xx_hal_dma.o
    0x08000748   0x08000748   0x0000008c   Code   RO          278    i.GPIO_Config       stm32f407_i2c_lcd16x02_driver.o
    0x080007d4   0x080007d4   0x00000018   Code   RO          185    i.GSM_Clear_RX_buffer  gsm_a6_driver_stm32f407.o
    0x080007ec   0x080007ec   0x00000020   Code   RO          186    i.GSM_Compare_GSMData_With  gsm_a6_driver_stm32f407.o
    0x0800080c   0x0800080c   0x00000024   Code   RO          187    i.GSM_HangUp_Call   gsm_a6_driver_stm32f407.o
    0x08000830   0x08000830   0x00000078   Code   RO          188    i.GSM_Init          gsm_a6_driver_stm32f407.o
    0x080008a8   0x080008a8   0x0000003c   Code   RO          189    i.GSM_Make_Call     gsm_a6_driver_stm32f407.o
    0x080008e4   0x080008e4   0x00000040   Code   RO          190    i.GSM_Receive_Call  gsm_a6_driver_stm32f407.o
    0x08000924   0x08000924   0x000000d4   Code   RO          191    i.GSM_Receive_SMS   gsm_a6_driver_stm32f407.o
    0x080009f8   0x080009f8   0x00000020   Code   RO          192    i.GSM_Send_AT_Command  gsm_a6_driver_stm32f407.o
    0x08000a18   0x08000a18   0x00000084   Code   RO          193    i.GSM_Send_SMS      gsm_a6_driver_stm32f407.o
    0x08000a9c   0x08000a9c   0x00000240   Code   RO          734    i.HAL_DMA_IRQHandler  stm32f4xx_hal_dma.o
    0x08000cdc   0x08000cdc   0x000000ec   Code   RO          735    i.HAL_DMA_Init      stm32f4xx_hal_dma.o
    0x08000dc8   0x08000dc8   0x00000092   Code   RO          739    i.HAL_DMA_Start_IT  stm32f4xx_hal_dma.o
    0x08000e5a   0x08000e5a   0x00000002   PAD
    0x08000e5c   0x08000e5c   0x00000028   Code   RO          407    i.HAL_Delay         stm32f4xx_hal.o
    0x08000e84   0x08000e84   0x000001f4   Code   RO          876    i.HAL_GPIO_Init     stm32f4xx_hal_gpio.o
    0x08001078   0x08001078   0x00000010   Code   RO          878    i.HAL_GPIO_ReadPin  stm32f4xx_hal_gpio.o
    0x08001088   0x08001088   0x0000000c   Code   RO          880    i.HAL_GPIO_WritePin  stm32f4xx_hal_gpio.o
    0x08001094   0x08001094   0x0000000c   Code   RO          413    i.HAL_GetTick       stm32f4xx_hal.o
    0x080010a0   0x080010a0   0x000001d0   Code   RO          950    i.HAL_I2C_Init      stm32f4xx_hal_i2c.o
    0x08001270   0x08001270   0x000001b8   Code   RO          951    i.HAL_I2C_IsDeviceReady  stm32f4xx_hal_i2c.o
    0x08001428   0x08001428   0x00000170   Code   RO          963    i.HAL_I2C_Master_Transmit  stm32f4xx_hal_i2c.o
    0x08001598   0x08001598   0x00000002   Code   RO          975    i.HAL_I2C_MspInit   stm32f4xx_hal_i2c.o
    0x0800159a   0x0800159a   0x00000002   PAD
    0x0800159c   0x0800159c   0x00000018   Code   RO          419    i.HAL_IncTick       stm32f4xx_hal.o
    0x080015b4   0x080015b4   0x00000030   Code   RO          420    i.HAL_Init          stm32f4xx_hal.o
    0x080015e4   0x080015e4   0x0000004c   Code   RO          421    i.HAL_InitTick      stm32f4xx_hal.o
    0x08001630   0x08001630   0x00000002   Code   RO          423    i.HAL_MspInit       stm32f4xx_hal.o
    0x08001632   0x08001632   0x00000028   Code   RO          591    i.HAL_NVIC_EnableIRQ  stm32f4xx_hal_cortex.o
    0x0800165a   0x0800165a   0x0000007c   Code   RO          597    i.HAL_NVIC_SetPriority  stm32f4xx_hal_cortex.o
    0x080016d6   0x080016d6   0x00000002   PAD
    0x080016d8   0x080016d8   0x00000028   Code   RO          598    i.HAL_NVIC_SetPriorityGrouping  stm32f4xx_hal_cortex.o
    0x08001700   0x08001700   0x0000000c   Code   RO         1591    i.HAL_RCC_GetHCLKFreq  stm32f4xx_hal_rcc.o
    0x0800170c   0x0800170c   0x00000020   Code   RO         1593    i.HAL_RCC_GetPCLK1Freq  stm32f4xx_hal_rcc.o
    0x0800172c   0x0800172c   0x00000020   Code   RO         1594    i.HAL_RCC_GetPCLK2Freq  stm32f4xx_hal_rcc.o
    0x0800174c   0x0800174c   0x00000028   Code   RO          600    i.HAL_SYSTICK_CLKSourceConfig  stm32f4xx_hal_cortex.o
    0x08001774   0x08001774   0x00000002   Code   RO          601    i.HAL_SYSTICK_Callback  stm32f4xx_hal_cortex.o
    0x08001776   0x08001776   0x00000034   Code   RO          602    i.HAL_SYSTICK_Config  stm32f4xx_hal_cortex.o
    0x080017aa   0x080017aa   0x00000008   Code   RO          603    i.HAL_SYSTICK_IRQHandler  stm32f4xx_hal_cortex.o
    0x080017b2   0x080017b2   0x00000002   Code   RO         1752    i.HAL_UARTEx_RxEventCallback  stm32f4xx_hal_uart.o
    0x080017b4   0x080017b4   0x00000002   Code   RO         1766    i.HAL_UART_ErrorCallback  stm32f4xx_hal_uart.o
    0x080017b6   0x080017b6   0x00000072   Code   RO         1770    i.HAL_UART_Init     stm32f4xx_hal_uart.o
    0x08001828   0x08001828   0x00000002   Code   RO         1772    i.HAL_UART_MspInit  stm32f4xx_hal_uart.o
    0x0800182a   0x0800182a   0x00000042   Code   RO         1774    i.HAL_UART_Receive_DMA  stm32f4xx_hal_uart.o
    0x0800186c   0x0800186c   0x00000002   Code   RO         1776    i.HAL_UART_RxCpltCallback  stm32f4xx_hal_uart.o
    0x0800186e   0x0800186e   0x00000002   Code   RO         1777    i.HAL_UART_RxHalfCpltCallback  stm32f4xx_hal_uart.o
    0x08001870   0x08001870   0x000000d2   Code   RO         1778    i.HAL_UART_Transmit  stm32f4xx_hal_uart.o
    0x08001942   0x08001942   0x00000002   PAD
    0x08001944   0x08001944   0x0000005c   Code   RO          279    i.I2C_Config        stm32f407_i2c_lcd16x02_driver.o
    0x080019a0   0x080019a0   0x0000003e   Code   RO          993    i.I2C_IsAcknowledgeFailed  stm32f4xx_hal_i2c.o
    0x080019de   0x080019de   0x00000002   PAD
    0x080019e0   0x080019e0   0x000000c0   Code   RO          997    i.I2C_MasterRequestWrite  stm32f4xx_hal_i2c.o
    0x08001aa0   0x08001aa0   0x0000005c   Code   RO         1013    i.I2C_WaitOnBTFFlagUntilTimeout  stm32f4xx_hal_i2c.o
    0x08001afc   0x08001afc   0x00000086   Code   RO         1014    i.I2C_WaitOnFlagUntilTimeout  stm32f4xx_hal_i2c.o
    0x08001b82   0x08001b82   0x000000c4   Code   RO         1015    i.I2C_WaitOnMasterAddressFlagUntilTimeout  stm32f4xx_hal_i2c.o
    0x08001c46   0x08001c46   0x0000005c   Code   RO         1019    i.I2C_WaitOnTXEFlagUntilTimeout  stm32f4xx_hal_i2c.o
    0x08001ca2   0x08001ca2   0x00000002   PAD
    0x08001ca4   0x08001ca4   0x000001f4   Code   RO          358    i.KEYPAD_Init       stm32f407_keypaddriver.o
    0x08001e98   0x08001e98   0x00000056   Code   RO          359    i.KEYPAD_Read       stm32f407_keypaddriver.o
    0x08001eee   0x08001eee   0x00000012   Code   RO          280    i.LCD_Clear_Then_Display  stm32f407_i2c_lcd16x02_driver.o
    0x08001f00   0x08001f00   0x00000072   Code   RO          281    i.LCD_Display_Long_Message  stm32f407_i2c_lcd16x02_driver.o
    0x08001f72   0x08001f72   0x00000036   Code   RO          282    i.LCD_Init          stm32f407_i2c_lcd16x02_driver.o
    0x08001fa8   0x08001fa8   0x0000007c   Code   RO          283    i.LCD_Send_Cmd      stm32f407_i2c_lcd16x02_driver.o
    0x08002024   0x08002024   0x00000078   Code   RO          284    i.LCD_Send_Data     stm32f407_i2c_lcd16x02_driver.o
    0x0800209c   0x0800209c   0x00000016   Code   RO          285    i.LCD_Send_String   stm32f407_i2c_lcd16x02_driver.o
    0x080020b2   0x080020b2   0x00000012   Code   RO          286    i.LCD_Send_String_On_Line1  stm32f407_i2c_lcd16x02_driver.o
    0x080020c4   0x080020c4   0x00000012   Code   RO          287    i.LCD_Send_String_On_Line2  stm32f407_i2c_lcd16x02_driver.o
    0x080020d6   0x080020d6   0x00000002   PAD
    0x080020d8   0x080020d8   0x00000030   Code   RO            4    i.Phone_Home_Display  main.o
    0x08002108   0x08002108   0x000001e8   Code   RO            5    i.Phone_Make_Call   main.o
    0x080022f0   0x080022f0   0x0000029c   Code   RO            6    i.Phone_Receive_Call  main.o
    0x0800258c   0x0800258c   0x00000084   Code   RO            7    i.Phone_Receive_SMS  main.o
    0x08002610   0x08002610   0x000001d4   Code   RO            8    i.Phone_Send_SMS    main.o
    0x080027e4   0x080027e4   0x00000070   Code   RO          360    i.Set_Keypad_Row    stm32f407_keypaddriver.o
    0x08002854   0x08002854   0x00000068   Code   RO            9    i.Store_Phone_Number  main.o
    0x080028bc   0x080028bc   0x0000000c   Code   RO           10    i.SysTick_Handler   main.o
    0x080028c8   0x080028c8   0x00000014   Code   RO         2116    i.SystemInit        system_stm32f4xx.o
    0x080028dc   0x080028dc   0x000000b8   Code   RO          194    i.UART_Config       gsm_a6_driver_stm32f407.o
    0x08002994   0x08002994   0x00000050   Code   RO         1784    i.UART_DMAError     stm32f4xx_hal_uart.o
    0x080029e4   0x080029e4   0x000000b0   Code   RO         1785    i.UART_DMAReceiveCplt  stm32f4xx_hal_uart.o
    0x08002a94   0x08002a94   0x00000020   Code   RO         1787    i.UART_DMARxHalfCplt  stm32f4xx_hal_uart.o
    0x08002ab4   0x08002ab4   0x0000006c   Code   RO         1793    i.UART_EndRxTransfer  stm32f4xx_hal_uart.o
    0x08002b20   0x08002b20   0x00000026   Code   RO         1795    i.UART_EndTxTransfer  stm32f4xx_hal_uart.o
    0x08002b46   0x08002b46   0x00000002   PAD
    0x08002b48   0x08002b48   0x0000022c   Code   RO         1797    i.UART_SetConfig    stm32f4xx_hal_uart.o
    0x08002d74   0x08002d74   0x000000d0   Code   RO         1798    i.UART_Start_Receive_DMA  stm32f4xx_hal_uart.o
    0x08002e44   0x08002e44   0x00000092   Code   RO         1801    i.UART_WaitOnFlagUntilTimeout  stm32f4xx_hal_uart.o
    0x08002ed6   0x08002ed6   0x00000002   PAD
    0x08002ed8   0x08002ed8   0x00000010   Code   RO          604    i.__NVIC_GetPriorityGrouping  stm32f4xx_hal_cortex.o
    0x08002ee8   0x08002ee8   0x00000028   Code   RO          605    i.__NVIC_SetPriority  stm32f4xx_hal_cortex.o
    0x08002f10   0x08002f10   0x0000019c   Code   RO           11    i.main              main.o
    0x080030ac   0x080030ac   0x0000000a   Code   RO         2274    x$fpl$fpinit        fz_wm.l(fpinit.o)
    0x080030b6   0x080030b6   0x00000002   PAD
    0x080030b8   0x080030b8   0x00000010   Data   RO           13    .constdata          main.o
    0x080030c8   0x080030c8   0x00000025   Data   RO          196    .constdata          gsm_a6_driver_stm32f407.o
    0x080030ed   0x080030ed   0x00000010   Data   RO          361    .constdata          stm32f407_keypaddriver.o
    0x080030fd   0x080030fd   0x00000008   Data   RO          741    .constdata          stm32f4xx_hal_dma.o
    0x08003105   0x08003105   0x00000018   Data   RO         2117    .constdata          system_stm32f4xx.o
    0x0800311d   0x0800311d   0x00000003   PAD
    0x08003120   0x08003120   0x00000020   Data   RO         2332    Region$$Table       anon$$obj.o


    Execution Region RW_IRAM1 (Exec base: 0x20000000, Load base: 0x08003140, Size: 0x00000868, Max: 0x00020000, ABSOLUTE)

    Exec Addr    Load Addr    Size         Type   Attr      Idx    E Section Name        Object

    0x20000000   0x08003140   0x00000009   Data   RW          427    .data               stm32f4xx_hal.o
    0x20000009   0x08003149   0x00000003   PAD
    0x2000000c   0x0800314c   0x00000004   Data   RW         2118    .data               system_stm32f4xx.o
    0x20000010        -       0x0000000a   Zero   RW           12    .bss                main.o
    0x2000001a   0x08003150   0x00000002   PAD
    0x2000001c        -       0x00000195   Zero   RW          195    .bss                gsm_a6_driver_stm32f407.o
    0x200001b1   0x08003150   0x00000003   PAD
    0x200001b4        -       0x00000054   Zero   RW          288    .bss                stm32f407_i2c_lcd16x02_driver.o
    0x20000208        -       0x00000060   Zero   RW         2204    .bss                c_w.l(libspace.o)
    0x20000268        -       0x00000200   Zero   RW         2106    HEAP                startup_stm32f407xx.o
    0x20000468        -       0x00000400   Zero   RW         2105    STACK               startup_stm32f407xx.o


==============================================================================

Image component sizes


      Code (inc. data)   RO Data    RW Data    ZI Data      Debug   Object Name

      1044        182         37          0        405       8349   gsm_a6_driver_stm32f407.o
      2332        530         16          0         10     610854   main.o
        64         26        392          0       1536        868   startup_stm32f407xx.o
       720         36          0          0         84       6928   stm32f407_i2c_lcd16x02_driver.o
       870         30         16          0          0       4767   stm32f407_keypaddriver.o
       202         34          0          9          0      10791   stm32f4xx_hal.o
       362         22          0          0          0      36989   stm32f4xx_hal_cortex.o
      1224         16          8          0          0       6323   stm32f4xx_hal_dma.o
       528         46          0          0          0       3319   stm32f4xx_hal_gpio.o
      2042         42          0          0          0      11039   stm32f4xx_hal_i2c.o
        76         26          0          0          0       1964   stm32f4xx_hal_rcc.o
      1744         22          0          0          0      13621   stm32f4xx_hal_uart.o
        20          6         24          4          0       1427   system_stm32f4xx.o

    ----------------------------------------------------------------------
     11248       1018        528         16       2040     717239   Object Totals
         0          0         32          0          0          0   (incl. Generated)
        20          0          3          3          5          0   (incl. Padding)

    ----------------------------------------------------------------------

      Code (inc. data)   RO Data    RW Data    ZI Data      Debug   Library Member Name

         8          0          0          0          0         68   __main.o
         0          0          0          0          0          0   __rtentry.o
        12          0          0          0          0          0   __rtentry2.o
         6          0          0          0          0          0   __rtentry4.o
        52          8          0          0          0          0   __scatter.o
        26          0          0          0          0          0   __scatter_copy.o
        28          0          0          0          0          0   __scatter_zi.o
        18          0          0          0          0         80   exit.o
         6          0          0          0          0        152   heapauxi.o
         0          0          0          0          0          0   indicate_semi.o
         2          0          0          0          0          0   libinit.o
         6          0          0          0          0          0   libinit2.o
         2          0          0          0          0          0   libshutdown.o
         2          0          0          0          0          0   libshutdown2.o
         8          4          0          0         96         68   libspace.o
       238          0          0          0          0        100   lludivv7m.o
        78          0          0          0          0         80   rt_memclr_w.o
       100          0          0          0          0         80   rt_memcpy_w.o
         2          0          0          0          0          0   rtexit.o
        10          0          0          0          0          0   rtexit2.o
        24          0          0          0          0         68   strcat.o
        62          0          0          0          0         76   strlen.o
        36          0          0          0          0         80   strstr.o
        12          4          0          0          0         68   sys_exit.o
        74          0          0          0          0         80   sys_stackheap_outer.o
         2          0          0          0          0         68   use_no_semi.o
        10          0          0          0          0        116   fpinit.o

    ----------------------------------------------------------------------
       832         16          0          0         96       1184   Library Totals
         8          0          0          0          0          0   (incl. Padding)

    ----------------------------------------------------------------------

      Code (inc. data)   RO Data    RW Data    ZI Data      Debug   Library Name

       814         16          0          0         96       1068   c_w.l
        10          0          0          0          0        116   fz_wm.l

    ----------------------------------------------------------------------
       832         16          0          0         96       1184   Library Totals

    ----------------------------------------------------------------------

==============================================================================


      Code (inc. data)   RO Data    RW Data    ZI Data      Debug   

     12080       1034        528         16       2136     709655   Grand Totals
     12080       1034        528         16       2136     709655   ELF Image Totals
     12080       1034        528         16          0          0   ROM Totals

==============================================================================

    Total RO  Size (Code + RO Data)                12608 (  12.31kB)
    Total RW  Size (RW Data + ZI Data)              2152 (   2.10kB)
    Total ROM Size (Code + RO Data + RW Data)      12624 (  12.33kB)

==============================================================================

